Resource Usage Report for receiver 

Mapping to part: m2s010vf400std
Cell usage:
CCC             1 use
CLKINT          2 uses
MSS_010         1 use
RCOSC_25_50MHZ  1 use
SYSRESET        1 use
CFG1           8 uses
CFG2           81 uses
CFG3           49 uses
CFG4           215 uses


Sequential Cells: 
SLE            135 uses

DSP Blocks:    0 of 22 (0%)

I/O ports: 10
I/O primitives: 9
INBUF          1 use
OUTBUF         8 uses


Global Clock Buffers: 2

Total LUTs:    353

Extra resources required for RAM and MACC interface logic during P&R:

RAM64x18 Interface Logic : SLEs = 72; LUTs = 72;
RAM1K18  Interface Logic : SLEs = 0; LUTs = 0;
MACC     Interface Logic : SLEs = 0; LUTs = 0;

Total number of SLEs after P&R:  135 + 72 + 0 + 0 = 207;
Total number of LUTs after P&R:  353 + 72 + 0 + 0 = 425;

