Software Version: 2022.2.0.10
Programmer 'E2001Q8X86' : JTAG TCK / SPI SCK frequency = 1 MHz
programmer 'E2001Q8X86' : FlashPro5
Opened 'C:\Projects\ISISA\Project-VILTRA\MSS_proto\receiver\mss_proto_rx\designer\mss_proto_rx\mss_proto_rx_fp\mss_proto_rx.pro'
The 'open_project' command succeeded.
Info: Programming is already enabled for device 'M2S010'.
The 'enable_device' command succeeded.
PPD file 'C:/Projects/ISISA/Project-VILTRA/MSS_proto/receiver/mss_proto_rx/designer/mss_proto_rx/mss_proto_rx.ppd' has been loaded successfully.
DESIGN : mss_proto_rx;  CHECKSUM : 18FB;  PDB_VERSION : 1.0
The 'set_programming_file' command succeeded.
The 'set_programming_action' command succeeded.
programmer 'E2001Q8X86' : Scan Chain...
Programmer 'E2001Q8X86' : JTAG TCK / SPI SCK frequency = 1 MHz
programmer 'E2001Q8X86' : Check Chain...
programmer 'E2001Q8X86' : Scan and Check Chain PASSED.
programmer 'E2001Q8X86' : device 'M2S010' : Executing action PROGRAM
Programmer 'E2001Q8X86' : JTAG TCK / SPI SCK frequency = 4 MHz
programmer 'E2001Q8X86' : device 'M2S010' : Family: Igloo2
programmer 'E2001Q8X86' : device 'M2S010' : Product:      M2GL005
programmer 'E2001Q8X86' : device 'M2S010' : Cortex-M3 Disabled (M3_ALLOWED = 0)
programmer 'E2001Q8X86' : device 'M2S010' : Programming Interface Protocol: JTAG
programmer 'E2001Q8X86' : device 'M2S010' : EXPORT ISC_ENABLE_RESULT[32] = 007d6b44
programmer 'E2001Q8X86' : device 'M2S010' : EXPORT CRCERR[1] = 0
programmer 'E2001Q8X86' : device 'M2S010' : EXPORT EDCERR[1] = 0
programmer 'E2001Q8X86' : device 'M2S010' : Programming FPGA Array...
programmer 'E2001Q8X86' : device 'M2S010' : EXPORT Fabric component digest[256] = 1e28792e3d9cb0c9629251e4439ba67e799825ea2c7bc238a2e18ba48a1cdb80
programmer 'E2001Q8X86' : device 'M2S010' : ===================================================================================
programmer 'E2001Q8X86' : device 'M2S010' : EXPORT DSN[128] = 5d428e68b7f073efc33fa7b55a2266f2
programmer 'E2001Q8X86' : device 'M2S010' : ===================================================================================
programmer 'E2001Q8X86' : device 'M2S010' : Finished: Sun Jan 15 16:46:00 2023 (Elapsed time 00:00:23)
programmer 'E2001Q8X86' : device 'M2S010' : Executing action PROGRAM PASSED.
programmer 'E2001Q8X86' : Chain programming PASSED.
Chain Programming Finished: Sun Jan 15 16:46:00 2023 (Elapsed time 00:00:24)

                        o - o - o - o - o - o

The 'run_selected_actions' command succeeded.
Project saved.
The 'save_project' command succeeded.
Project closed.
The 'close_project' command succeeded.
The Execute Script command succeeded.
