Software Version: 2022.2.0.10
Programmer 'E2001Q8X86' : JTAG TCK / SPI SCK frequency = 1 MHz
programmer 'E2001Q8X86' : FlashPro5
Opened 'C:\Projects\ISISA\viltra-neu\Project-VILTRA\transmitter_maker\designer\transmitter\transmitter_fp\transmitter.pro'
The 'open_project' command succeeded.
Info: Programming is already enabled for device 'M2S010'.
The 'enable_device' command succeeded.
PPD file 'C:/Projects/ISISA/viltra-neu/Project-VILTRA/transmitter_maker/designer/transmitter/transmitter.ppd' has been loaded successfully.
DESIGN : transmitter;  CHECKSUM : D6A5;  PDB_VERSION : 1.0
The 'set_programming_file' command succeeded.
The 'set_programming_action' command succeeded.
programmer 'E2001Q8X86' : Scan Chain...
Programmer 'E2001Q8X86' : JTAG TCK / SPI SCK frequency = 1 MHz
programmer 'E2001Q8X86' : Check Chain...
programmer 'E2001Q8X86' : Scan and Check Chain PASSED.
Warning: programmer 'E2001Q8X86' : device 'M2S010' : Device authentication failure: Failed to validate device certificate.
programmer 'E2001Q8X86' : device 'M2S010' : Executing action PROGRAM
Programmer 'E2001Q8X86' : JTAG TCK / SPI SCK frequency = 4 MHz
programmer 'E2001Q8X86' : device 'M2S010' : Programming Interface Protocol: JTAG
programmer 'E2001Q8X86' : device 'M2S010' : EXPORT ISC_ENABLE_RESULT[32] = 007d6a44
programmer 'E2001Q8X86' : device 'M2S010' : EXPORT CRCERR[1] = 0
programmer 'E2001Q8X86' : device 'M2S010' : EXPORT EDCERR[1] = 0
programmer 'E2001Q8X86' : device 'M2S010' : Programming FPGA Array...
programmer 'E2001Q8X86' : device 'M2S010' : EXPORT Fabric component digest[256] = 52922bf82fef2999357c6d733111451b753ff54715e283bd5fb14dff7b689346
programmer 'E2001Q8X86' : device 'M2S010' : ===================================================================================
programmer 'E2001Q8X86' : device 'M2S010' : EXPORT DSN[128] = 5d428e68b7f073efc33fa7b55a2266f2
programmer 'E2001Q8X86' : device 'M2S010' : ===================================================================================
programmer 'E2001Q8X86' : device 'M2S010' : Finished: Fri Jan 27 16:40:11 2023 (Elapsed time 00:00:26)
programmer 'E2001Q8X86' : device 'M2S010' : Executing action PROGRAM PASSED.
programmer 'E2001Q8X86' : Chain programming PASSED.
Chain Programming Finished: Fri Jan 27 16:40:11 2023 (Elapsed time 00:00:26)

                        o - o - o - o - o - o

The 'run_selected_actions' command succeeded.
Project saved.
The 'save_project' command succeeded.
Project closed.
The 'close_project' command succeeded.
The Execute Script command succeeded.
