
Copyright (C) 1994-2021 Synopsys, Inc.
This Synopsys software and all associated documentation are proprietary to Synopsys, Inc.
and may only be used pursuant to the terms and conditions of a written license agreement
with Synopsys, Inc. All other use, reproduction, modification, or distribution of the
Synopsys software or the associated documentation is strictly prohibited.
Tool: Synplify Pro (R)
Build: S-2021.09M-SP1
Install: C:\Microchip\Libero_SoC_v2022.2\fpga_S-2021.09M-SP1
OS: Windows 10 or later
Hostname: ACER

Implementation : synthesis
Synopsys HDL compiler and linker, Version comp202109synp2, Build 152R, Built Jun 14 2022 11:35:28, @

Modified Files: 1
FID:  path (prevtimestamp, timestamp)
25       C:\Users\user\Documents\ISISA\optical_transmission\transmitter_maker_ham3\hdl\display_ham.vhd (2023-02-08 12:29:49, 2023-02-08 12:40:49)

*******************************************************************
Modules that may have changed as a result of file changes: 1
MID:  lib.cell.view
12       work.display_ham.architecture_display_ham may have changed because the following files changed:
                        C:\Users\user\Documents\ISISA\optical_transmission\transmitter_maker_ham3\hdl\display_ham.vhd (2023-02-08 12:29:49, 2023-02-08 12:40:49) <-- (architecture and entity definition)

*******************************************************************
Unmodified files: 26
FID:  path (timestamp)
0        C:\Microchip\Libero_SoC_v2022.2\fpga_S-2021.09M-SP1\lib\generic\smartfusion2.vhd (2022-06-14 22:20:56)
1        C:\Microchip\Libero_SoC_v2022.2\fpga_S-2021.09M-SP1\lib\vhd2008\arith.vhd (2022-06-14 20:10:00)
2        C:\Microchip\Libero_SoC_v2022.2\fpga_S-2021.09M-SP1\lib\vhd2008\location.map (2022-06-14 20:10:00)
3        C:\Microchip\Libero_SoC_v2022.2\fpga_S-2021.09M-SP1\lib\vhd2008\numeric.vhd (2022-06-14 20:47:12)
4        C:\Microchip\Libero_SoC_v2022.2\fpga_S-2021.09M-SP1\lib\vhd2008\std.vhd (2022-06-14 20:10:58)
5        C:\Microchip\Libero_SoC_v2022.2\fpga_S-2021.09M-SP1\lib\vhd2008\std1164.vhd (2022-06-14 20:10:00)
6        C:\Microchip\Libero_SoC_v2022.2\fpga_S-2021.09M-SP1\lib\vhd2008\std_textio.vhd (2022-06-14 20:10:00)
7        C:\Microchip\Libero_SoC_v2022.2\fpga_S-2021.09M-SP1\lib\vhd2008\unsigned.vhd (2022-06-14 20:10:00)
8        C:\Microchip\Libero_SoC_v2022.2\fpga_S-2021.09M-SP1\lib\vhd\hyperents.vhd (2022-06-14 20:09:58)
9        C:\Microchip\Libero_SoC_v2022.2\fpga_S-2021.09M-SP1\lib\vhd\snps_haps_pkg.vhd (2022-06-14 20:09:58)
10       C:\Microchip\Libero_SoC_v2022.2\fpga_S-2021.09M-SP1\lib\vhd\umr_capim.vhd (2022-06-14 20:09:58)
11       C:\Users\user\Documents\ISISA\optical_transmission\transmitter_maker_ham3\component\Actel\DirectCore\CoreAPB3\4.1.100\rtl\vhdl\core\components.vhd (2022-12-16 09:47:52)
12       C:\Users\user\Documents\ISISA\optical_transmission\transmitter_maker_ham3\component\Actel\DirectCore\CoreAPB3\4.1.100\rtl\vhdl\core\coreapb3.vhd (2022-12-16 09:47:52)
13       C:\Users\user\Documents\ISISA\optical_transmission\transmitter_maker_ham3\component\Actel\DirectCore\CoreAPB3\4.1.100\rtl\vhdl\core\coreapb3_iaddr_reg.vhd (2022-12-16 09:47:52)
14       C:\Users\user\Documents\ISISA\optical_transmission\transmitter_maker_ham3\component\Actel\DirectCore\CoreAPB3\4.1.100\rtl\vhdl\core\coreapb3_muxptob3.vhd (2022-12-16 09:47:52)
15       C:\Users\user\Documents\ISISA\optical_transmission\transmitter_maker_ham3\component\Actel\DirectCore\CoreResetP\7.1.100\rtl\vhdl\core\coreresetp.vhd (2022-11-25 14:44:49)
16       C:\Users\user\Documents\ISISA\optical_transmission\transmitter_maker_ham3\component\Actel\DirectCore\CoreResetP\7.1.100\rtl\vhdl\core\coreresetp_pcie_hotreset.vhd (2022-11-25 14:44:49)
17       C:\Users\user\Documents\ISISA\optical_transmission\transmitter_maker_ham3\component\Actel\SgCore\OSC\2.0.101\osc_comps.vhd (2022-11-11 12:08:27)
18       C:\Users\user\Documents\ISISA\optical_transmission\transmitter_maker_ham3\component\work\trans_maker_ham3\trans_maker_ham3.vhd (2023-02-08 12:08:45)
19       C:\Users\user\Documents\ISISA\optical_transmission\transmitter_maker_ham3\component\work\trans_maker_ham3_sb\CCC_0\trans_maker_ham3_sb_CCC_0_FCCC.vhd (2023-02-08 12:07:57)
20       C:\Users\user\Documents\ISISA\optical_transmission\transmitter_maker_ham3\component\work\trans_maker_ham3_sb\FABOSC_0\trans_maker_ham3_sb_FABOSC_0_OSC.vhd (2023-02-08 12:07:59)
21       C:\Users\user\Documents\ISISA\optical_transmission\transmitter_maker_ham3\component\work\trans_maker_ham3_sb\trans_maker_ham3_sb.vhd (2023-02-08 12:07:59)
22       C:\Users\user\Documents\ISISA\optical_transmission\transmitter_maker_ham3\component\work\trans_maker_ham3_sb_MSS\trans_maker_ham3_sb_MSS.vhd (2023-02-03 14:23:08)
23       C:\Users\user\Documents\ISISA\optical_transmission\transmitter_maker_ham3\component\work\trans_maker_ham3_sb_MSS\trans_maker_ham3_sb_MSS_syn.vhd (2023-02-03 14:23:07)
24       C:\Users\user\Documents\ISISA\optical_transmission\transmitter_maker_ham3\hdl\APB_slave_vhdl_ham.vhd (2023-02-05 23:35:37)
26       C:\Users\user\Documents\ISISA\optical_transmission\transmitter_maker_ham3\hdl\trans_slave_ham.vhd (2023-02-05 23:28:13)

*******************************************************************
Unchanged modules: 38
MID:  lib.cell.view
0        coreapb3_lib.coreapb3.coreapb3_arch
1        coreapb3_lib.coreapb3.vhdl
2        coreapb3_lib.coreapb3_iaddr_reg.rtl
3        coreapb3_lib.coreapb3_iaddr_reg.vhdl
4        coreapb3_lib.coreapb3_muxptob3.coreapb3_muxptob3_arch
5        coreapb3_lib.coreapb3_muxptob3.vhdl
6        work.apb_slave_vhdl_ham.architecture_apb_slave_vhdl_ham
7        work.apb_slave_vhdl_ham.vhdl
8        work.coreresetp.rtl
9        work.coreresetp.vhdl
10       work.coreresetp_pcie_hotreset.rtl
11       work.coreresetp_pcie_hotreset.vhdl
14       work.mss_010.def_arch
15       work.mss_010.vhdl
16       work.rcosc_1mhz.def_arch
17       work.rcosc_1mhz.vhdl
18       work.rcosc_1mhz_fab.def_arch
19       work.rcosc_1mhz_fab.vhdl
20       work.rcosc_25_50mhz.def_arch
21       work.rcosc_25_50mhz.vhdl
22       work.rcosc_25_50mhz_fab.def_arch
23       work.rcosc_25_50mhz_fab.vhdl
24       work.trans_maker_ham3.rtl
25       work.trans_maker_ham3.vhdl
26       work.trans_maker_ham3_sb.rtl
27       work.trans_maker_ham3_sb.vhdl
28       work.trans_maker_ham3_sb_ccc_0_fccc.def_arch
29       work.trans_maker_ham3_sb_ccc_0_fccc.vhdl
30       work.trans_maker_ham3_sb_fabosc_0_osc.def_arch
31       work.trans_maker_ham3_sb_fabosc_0_osc.vhdl
32       work.trans_maker_ham3_sb_mss.rtl
33       work.trans_maker_ham3_sb_mss.vhdl
34       work.trans_slave_ham.architecture_trans_slave_ham
35       work.trans_slave_ham.vhdl
36       work.xtlosc.def_arch
37       work.xtlosc.vhdl
38       work.xtlosc_fab.def_arch
39       work.xtlosc_fab.vhdl
