
Copyright (C) 1994-2021 Synopsys, Inc.
This Synopsys software and all associated documentation are proprietary to Synopsys, Inc.
and may only be used pursuant to the terms and conditions of a written license agreement
with Synopsys, Inc. All other use, reproduction, modification, or distribution of the
Synopsys software or the associated documentation is strictly prohibited.
Tool: Synplify Pro (R)
Build: S-2021.09M-SP1
Install: C:\Microchip\Libero_SoC_v2022.2\fpga_S-2021.09M-SP1
OS: Windows 10 or later
Hostname: ACER

Implementation : synthesis
Synopsys HDL compiler and linker, Version comp202109synp2, Build 152R, Built Jun 14 2022 11:35:28, @

Modified Files: 32
FID:  path (prevtimestamp, timestamp)
27       C:\Users\user\Documents\ISISA\optical_transmission\Project-VILTRA\transmitter_maker_ham3\component\Actel\DirectCore\CoreAPB3\4.1.100\rtl\vhdl\core\components.vhd (N/A, 2022-12-16 09:47:52)
28       C:\Users\user\Documents\ISISA\optical_transmission\Project-VILTRA\transmitter_maker_ham3\component\Actel\DirectCore\CoreAPB3\4.1.100\rtl\vhdl\core\coreapb3.vhd (N/A, 2022-12-16 09:47:52)
29       C:\Users\user\Documents\ISISA\optical_transmission\Project-VILTRA\transmitter_maker_ham3\component\Actel\DirectCore\CoreAPB3\4.1.100\rtl\vhdl\core\coreapb3_iaddr_reg.vhd (N/A, 2022-12-16 09:47:52)
30       C:\Users\user\Documents\ISISA\optical_transmission\Project-VILTRA\transmitter_maker_ham3\component\Actel\DirectCore\CoreAPB3\4.1.100\rtl\vhdl\core\coreapb3_muxptob3.vhd (N/A, 2022-12-16 09:47:52)
31       C:\Users\user\Documents\ISISA\optical_transmission\Project-VILTRA\transmitter_maker_ham3\component\Actel\DirectCore\CoreResetP\7.1.100\rtl\vhdl\core\coreresetp.vhd (N/A, 2022-11-25 14:44:49)
32       C:\Users\user\Documents\ISISA\optical_transmission\Project-VILTRA\transmitter_maker_ham3\component\Actel\DirectCore\CoreResetP\7.1.100\rtl\vhdl\core\coreresetp_pcie_hotreset.vhd (N/A, 2022-11-25 14:44:49)
33       C:\Users\user\Documents\ISISA\optical_transmission\Project-VILTRA\transmitter_maker_ham3\component\Actel\SgCore\OSC\2.0.101\osc_comps.vhd (N/A, 2022-11-11 12:08:27)
34       C:\Users\user\Documents\ISISA\optical_transmission\Project-VILTRA\transmitter_maker_ham3\component\work\trans_maker_ham3\trans_maker_ham3.vhd (N/A, 2023-02-08 12:08:45)
35       C:\Users\user\Documents\ISISA\optical_transmission\Project-VILTRA\transmitter_maker_ham3\component\work\trans_maker_ham3_sb\CCC_0\trans_maker_ham3_sb_CCC_0_FCCC.vhd (N/A, 2023-02-08 12:07:57)
36       C:\Users\user\Documents\ISISA\optical_transmission\Project-VILTRA\transmitter_maker_ham3\component\work\trans_maker_ham3_sb\FABOSC_0\trans_maker_ham3_sb_FABOSC_0_OSC.vhd (N/A, 2023-02-08 12:07:59)
37       C:\Users\user\Documents\ISISA\optical_transmission\Project-VILTRA\transmitter_maker_ham3\component\work\trans_maker_ham3_sb\trans_maker_ham3_sb.vhd (N/A, 2023-02-08 12:07:59)
38       C:\Users\user\Documents\ISISA\optical_transmission\Project-VILTRA\transmitter_maker_ham3\component\work\trans_maker_ham3_sb_MSS\trans_maker_ham3_sb_MSS.vhd (N/A, 2023-02-03 14:23:08)
39       C:\Users\user\Documents\ISISA\optical_transmission\Project-VILTRA\transmitter_maker_ham3\component\work\trans_maker_ham3_sb_MSS\trans_maker_ham3_sb_MSS_syn.vhd (N/A, 2023-02-03 14:23:07)
40       C:\Users\user\Documents\ISISA\optical_transmission\Project-VILTRA\transmitter_maker_ham3\hdl\APB_slave_vhdl_ham.vhd (N/A, 2023-02-05 23:35:37)
41       C:\Users\user\Documents\ISISA\optical_transmission\Project-VILTRA\transmitter_maker_ham3\hdl\display_ham.vhd (N/A, 2023-02-14 18:53:25)
42       C:\Users\user\Documents\ISISA\optical_transmission\Project-VILTRA\transmitter_maker_ham3\hdl\trans_slave_ham.vhd (N/A, 2023-02-05 23:28:13)
11       C:\Users\user\Documents\ISISA\optical_transmission\transmitter_maker_ham3\component\Actel\DirectCore\CoreAPB3\4.1.100\rtl\vhdl\core\components.vhd (2022-12-16 09:47:52, N/A)
12       C:\Users\user\Documents\ISISA\optical_transmission\transmitter_maker_ham3\component\Actel\DirectCore\CoreAPB3\4.1.100\rtl\vhdl\core\coreapb3.vhd (2022-12-16 09:47:52, N/A)
13       C:\Users\user\Documents\ISISA\optical_transmission\transmitter_maker_ham3\component\Actel\DirectCore\CoreAPB3\4.1.100\rtl\vhdl\core\coreapb3_iaddr_reg.vhd (2022-12-16 09:47:52, N/A)
14       C:\Users\user\Documents\ISISA\optical_transmission\transmitter_maker_ham3\component\Actel\DirectCore\CoreAPB3\4.1.100\rtl\vhdl\core\coreapb3_muxptob3.vhd (2022-12-16 09:47:52, N/A)
15       C:\Users\user\Documents\ISISA\optical_transmission\transmitter_maker_ham3\component\Actel\DirectCore\CoreResetP\7.1.100\rtl\vhdl\core\coreresetp.vhd (2022-11-25 14:44:49, N/A)
16       C:\Users\user\Documents\ISISA\optical_transmission\transmitter_maker_ham3\component\Actel\DirectCore\CoreResetP\7.1.100\rtl\vhdl\core\coreresetp_pcie_hotreset.vhd (2022-11-25 14:44:49, N/A)
17       C:\Users\user\Documents\ISISA\optical_transmission\transmitter_maker_ham3\component\Actel\SgCore\OSC\2.0.101\osc_comps.vhd (2022-11-11 12:08:27, N/A)
18       C:\Users\user\Documents\ISISA\optical_transmission\transmitter_maker_ham3\component\work\trans_maker_ham3\trans_maker_ham3.vhd (2023-02-08 12:08:45, N/A)
19       C:\Users\user\Documents\ISISA\optical_transmission\transmitter_maker_ham3\component\work\trans_maker_ham3_sb\CCC_0\trans_maker_ham3_sb_CCC_0_FCCC.vhd (2023-02-08 12:07:57, N/A)
20       C:\Users\user\Documents\ISISA\optical_transmission\transmitter_maker_ham3\component\work\trans_maker_ham3_sb\FABOSC_0\trans_maker_ham3_sb_FABOSC_0_OSC.vhd (2023-02-08 12:07:59, N/A)
21       C:\Users\user\Documents\ISISA\optical_transmission\transmitter_maker_ham3\component\work\trans_maker_ham3_sb\trans_maker_ham3_sb.vhd (2023-02-08 12:07:59, N/A)
22       C:\Users\user\Documents\ISISA\optical_transmission\transmitter_maker_ham3\component\work\trans_maker_ham3_sb_MSS\trans_maker_ham3_sb_MSS.vhd (2023-02-03 14:23:08, N/A)
23       C:\Users\user\Documents\ISISA\optical_transmission\transmitter_maker_ham3\component\work\trans_maker_ham3_sb_MSS\trans_maker_ham3_sb_MSS_syn.vhd (2023-02-03 14:23:07, N/A)
24       C:\Users\user\Documents\ISISA\optical_transmission\transmitter_maker_ham3\hdl\APB_slave_vhdl_ham.vhd (2023-02-05 23:35:37, N/A)
25       C:\Users\user\Documents\ISISA\optical_transmission\transmitter_maker_ham3\hdl\display_ham.vhd (2023-02-08 12:40:49, N/A)
26       C:\Users\user\Documents\ISISA\optical_transmission\transmitter_maker_ham3\hdl\trans_slave_ham.vhd (2023-02-05 23:28:13, N/A)

*******************************************************************
Modules that may have changed as a result of file changes: 20
MID:  lib.cell.view
0        coreapb3_lib.coreapb3.coreapb3_arch may have changed because the following files changed:
                        C:\Users\user\Documents\ISISA\optical_transmission\Project-VILTRA\transmitter_maker_ham3\component\Actel\DirectCore\CoreAPB3\4.1.100\rtl\vhdl\core\coreapb3.vhd (N/A, 2022-12-16 09:47:52) <-- (architecture and entity definition)
                        C:\Users\user\Documents\ISISA\optical_transmission\Project-VILTRA\transmitter_maker_ham3\component\work\trans_maker_ham3\trans_maker_ham3.vhd (N/A, 2023-02-08 12:08:45) <-- (may instantiate this module)
                        C:\Users\user\Documents\ISISA\optical_transmission\Project-VILTRA\transmitter_maker_ham3\component\work\trans_maker_ham3_sb\trans_maker_ham3_sb.vhd (N/A, 2023-02-08 12:07:59) <-- (may instantiate this module)
2        coreapb3_lib.coreapb3_iaddr_reg.rtl may have changed because the following files changed:
                        C:\Users\user\Documents\ISISA\optical_transmission\Project-VILTRA\transmitter_maker_ham3\component\Actel\DirectCore\CoreAPB3\4.1.100\rtl\vhdl\core\coreapb3.vhd (N/A, 2022-12-16 09:47:52) <-- (may instantiate this module)
                        C:\Users\user\Documents\ISISA\optical_transmission\Project-VILTRA\transmitter_maker_ham3\component\Actel\DirectCore\CoreAPB3\4.1.100\rtl\vhdl\core\coreapb3_iaddr_reg.vhd (N/A, 2022-12-16 09:47:52) <-- (architecture and entity definition)
                        C:\Users\user\Documents\ISISA\optical_transmission\Project-VILTRA\transmitter_maker_ham3\component\work\trans_maker_ham3\trans_maker_ham3.vhd (N/A, 2023-02-08 12:08:45) <-- (may instantiate this module)
                        C:\Users\user\Documents\ISISA\optical_transmission\Project-VILTRA\transmitter_maker_ham3\component\work\trans_maker_ham3_sb\trans_maker_ham3_sb.vhd (N/A, 2023-02-08 12:07:59) <-- (may instantiate this module)
4        coreapb3_lib.coreapb3_muxptob3.coreapb3_muxptob3_arch may have changed because the following files changed:
                        C:\Users\user\Documents\ISISA\optical_transmission\Project-VILTRA\transmitter_maker_ham3\component\Actel\DirectCore\CoreAPB3\4.1.100\rtl\vhdl\core\coreapb3.vhd (N/A, 2022-12-16 09:47:52) <-- (may instantiate this module)
                        C:\Users\user\Documents\ISISA\optical_transmission\Project-VILTRA\transmitter_maker_ham3\component\Actel\DirectCore\CoreAPB3\4.1.100\rtl\vhdl\core\coreapb3_muxptob3.vhd (N/A, 2022-12-16 09:47:52) <-- (architecture and entity definition)
                        C:\Users\user\Documents\ISISA\optical_transmission\Project-VILTRA\transmitter_maker_ham3\component\work\trans_maker_ham3\trans_maker_ham3.vhd (N/A, 2023-02-08 12:08:45) <-- (may instantiate this module)
                        C:\Users\user\Documents\ISISA\optical_transmission\Project-VILTRA\transmitter_maker_ham3\component\work\trans_maker_ham3_sb\trans_maker_ham3_sb.vhd (N/A, 2023-02-08 12:07:59) <-- (may instantiate this module)
6        work.apb_slave_vhdl_ham.architecture_apb_slave_vhdl_ham may have changed because the following files changed:
                        C:\Users\user\Documents\ISISA\optical_transmission\Project-VILTRA\transmitter_maker_ham3\component\work\trans_maker_ham3\trans_maker_ham3.vhd (N/A, 2023-02-08 12:08:45) <-- (may instantiate this module)
                        C:\Users\user\Documents\ISISA\optical_transmission\Project-VILTRA\transmitter_maker_ham3\component\work\trans_maker_ham3_sb\trans_maker_ham3_sb.vhd (N/A, 2023-02-08 12:07:59) <-- (may instantiate this module)
                        C:\Users\user\Documents\ISISA\optical_transmission\Project-VILTRA\transmitter_maker_ham3\hdl\APB_slave_vhdl_ham.vhd (N/A, 2023-02-05 23:35:37) <-- (architecture and entity definition)
                        C:\Users\user\Documents\ISISA\optical_transmission\Project-VILTRA\transmitter_maker_ham3\hdl\trans_slave_ham.vhd (N/A, 2023-02-05 23:28:13) <-- (may instantiate this module)
8        work.coreresetp.rtl may have changed because the following files changed:
                        C:\Users\user\Documents\ISISA\optical_transmission\Project-VILTRA\transmitter_maker_ham3\component\Actel\DirectCore\CoreResetP\7.1.100\rtl\vhdl\core\coreresetp.vhd (N/A, 2022-11-25 14:44:49) <-- (architecture and entity definition)
                        C:\Users\user\Documents\ISISA\optical_transmission\Project-VILTRA\transmitter_maker_ham3\component\work\trans_maker_ham3\trans_maker_ham3.vhd (N/A, 2023-02-08 12:08:45) <-- (may instantiate this module)
                        C:\Users\user\Documents\ISISA\optical_transmission\Project-VILTRA\transmitter_maker_ham3\component\work\trans_maker_ham3_sb\trans_maker_ham3_sb.vhd (N/A, 2023-02-08 12:07:59) <-- (may instantiate this module)
10       work.coreresetp_pcie_hotreset.rtl may have changed because the following files changed:
                        C:\Users\user\Documents\ISISA\optical_transmission\Project-VILTRA\transmitter_maker_ham3\component\Actel\DirectCore\CoreResetP\7.1.100\rtl\vhdl\core\coreresetp.vhd (N/A, 2022-11-25 14:44:49) <-- (may instantiate this module)
                        C:\Users\user\Documents\ISISA\optical_transmission\Project-VILTRA\transmitter_maker_ham3\component\Actel\DirectCore\CoreResetP\7.1.100\rtl\vhdl\core\coreresetp_pcie_hotreset.vhd (N/A, 2022-11-25 14:44:49) <-- (architecture and entity definition)
                        C:\Users\user\Documents\ISISA\optical_transmission\Project-VILTRA\transmitter_maker_ham3\component\work\trans_maker_ham3\trans_maker_ham3.vhd (N/A, 2023-02-08 12:08:45) <-- (may instantiate this module)
                        C:\Users\user\Documents\ISISA\optical_transmission\Project-VILTRA\transmitter_maker_ham3\component\work\trans_maker_ham3_sb\trans_maker_ham3_sb.vhd (N/A, 2023-02-08 12:07:59) <-- (may instantiate this module)
12       work.display_ham.architecture_display_ham may have changed because the following files changed:
                        C:\Users\user\Documents\ISISA\optical_transmission\Project-VILTRA\transmitter_maker_ham3\component\work\trans_maker_ham3\trans_maker_ham3.vhd (N/A, 2023-02-08 12:08:45) <-- (may instantiate this module)
                        C:\Users\user\Documents\ISISA\optical_transmission\Project-VILTRA\transmitter_maker_ham3\component\work\trans_maker_ham3_sb\trans_maker_ham3_sb.vhd (N/A, 2023-02-08 12:07:59) <-- (may instantiate this module)
                        C:\Users\user\Documents\ISISA\optical_transmission\Project-VILTRA\transmitter_maker_ham3\hdl\display_ham.vhd (N/A, 2023-02-14 18:53:25) <-- (architecture and entity definition)
                        C:\Users\user\Documents\ISISA\optical_transmission\Project-VILTRA\transmitter_maker_ham3\hdl\trans_slave_ham.vhd (N/A, 2023-02-05 23:28:13) <-- (may instantiate this module)
14       work.mss_010.def_arch may have changed because the following files changed:
                        C:\Users\user\Documents\ISISA\optical_transmission\Project-VILTRA\transmitter_maker_ham3\component\work\trans_maker_ham3\trans_maker_ham3.vhd (N/A, 2023-02-08 12:08:45) <-- (may instantiate this module)
                        C:\Users\user\Documents\ISISA\optical_transmission\Project-VILTRA\transmitter_maker_ham3\component\work\trans_maker_ham3_sb\trans_maker_ham3_sb.vhd (N/A, 2023-02-08 12:07:59) <-- (may instantiate this module)
                        C:\Users\user\Documents\ISISA\optical_transmission\Project-VILTRA\transmitter_maker_ham3\component\work\trans_maker_ham3_sb_MSS\trans_maker_ham3_sb_MSS.vhd (N/A, 2023-02-03 14:23:08) <-- (may instantiate this module)
                        C:\Users\user\Documents\ISISA\optical_transmission\Project-VILTRA\transmitter_maker_ham3\component\work\trans_maker_ham3_sb_MSS\trans_maker_ham3_sb_MSS_syn.vhd (N/A, 2023-02-03 14:23:07) <-- (architecture and entity definition)
16       work.rcosc_1mhz.def_arch may have changed because the following files changed:
                        C:\Users\user\Documents\ISISA\optical_transmission\Project-VILTRA\transmitter_maker_ham3\component\Actel\SgCore\OSC\2.0.101\osc_comps.vhd (N/A, 2022-11-11 12:08:27) <-- (architecture and entity definition)
                        C:\Users\user\Documents\ISISA\optical_transmission\Project-VILTRA\transmitter_maker_ham3\component\work\trans_maker_ham3\trans_maker_ham3.vhd (N/A, 2023-02-08 12:08:45) <-- (may instantiate this module)
                        C:\Users\user\Documents\ISISA\optical_transmission\Project-VILTRA\transmitter_maker_ham3\component\work\trans_maker_ham3_sb\FABOSC_0\trans_maker_ham3_sb_FABOSC_0_OSC.vhd (N/A, 2023-02-08 12:07:59) <-- (may instantiate this module)
                        C:\Users\user\Documents\ISISA\optical_transmission\Project-VILTRA\transmitter_maker_ham3\component\work\trans_maker_ham3_sb\trans_maker_ham3_sb.vhd (N/A, 2023-02-08 12:07:59) <-- (may instantiate this module)
18       work.rcosc_1mhz_fab.def_arch may have changed because the following files changed:
                        C:\Users\user\Documents\ISISA\optical_transmission\Project-VILTRA\transmitter_maker_ham3\component\Actel\SgCore\OSC\2.0.101\osc_comps.vhd (N/A, 2022-11-11 12:08:27) <-- (architecture and entity definition)
                        C:\Users\user\Documents\ISISA\optical_transmission\Project-VILTRA\transmitter_maker_ham3\component\work\trans_maker_ham3\trans_maker_ham3.vhd (N/A, 2023-02-08 12:08:45) <-- (may instantiate this module)
                        C:\Users\user\Documents\ISISA\optical_transmission\Project-VILTRA\transmitter_maker_ham3\component\work\trans_maker_ham3_sb\FABOSC_0\trans_maker_ham3_sb_FABOSC_0_OSC.vhd (N/A, 2023-02-08 12:07:59) <-- (may instantiate this module)
                        C:\Users\user\Documents\ISISA\optical_transmission\Project-VILTRA\transmitter_maker_ham3\component\work\trans_maker_ham3_sb\trans_maker_ham3_sb.vhd (N/A, 2023-02-08 12:07:59) <-- (may instantiate this module)
20       work.rcosc_25_50mhz.def_arch may have changed because the following files changed:
                        C:\Users\user\Documents\ISISA\optical_transmission\Project-VILTRA\transmitter_maker_ham3\component\Actel\SgCore\OSC\2.0.101\osc_comps.vhd (N/A, 2022-11-11 12:08:27) <-- (architecture and entity definition)
                        C:\Users\user\Documents\ISISA\optical_transmission\Project-VILTRA\transmitter_maker_ham3\component\work\trans_maker_ham3\trans_maker_ham3.vhd (N/A, 2023-02-08 12:08:45) <-- (may instantiate this module)
                        C:\Users\user\Documents\ISISA\optical_transmission\Project-VILTRA\transmitter_maker_ham3\component\work\trans_maker_ham3_sb\FABOSC_0\trans_maker_ham3_sb_FABOSC_0_OSC.vhd (N/A, 2023-02-08 12:07:59) <-- (may instantiate this module)
                        C:\Users\user\Documents\ISISA\optical_transmission\Project-VILTRA\transmitter_maker_ham3\component\work\trans_maker_ham3_sb\trans_maker_ham3_sb.vhd (N/A, 2023-02-08 12:07:59) <-- (may instantiate this module)
22       work.rcosc_25_50mhz_fab.def_arch may have changed because the following files changed:
                        C:\Users\user\Documents\ISISA\optical_transmission\Project-VILTRA\transmitter_maker_ham3\component\Actel\SgCore\OSC\2.0.101\osc_comps.vhd (N/A, 2022-11-11 12:08:27) <-- (architecture and entity definition)
                        C:\Users\user\Documents\ISISA\optical_transmission\Project-VILTRA\transmitter_maker_ham3\component\work\trans_maker_ham3\trans_maker_ham3.vhd (N/A, 2023-02-08 12:08:45) <-- (may instantiate this module)
                        C:\Users\user\Documents\ISISA\optical_transmission\Project-VILTRA\transmitter_maker_ham3\component\work\trans_maker_ham3_sb\FABOSC_0\trans_maker_ham3_sb_FABOSC_0_OSC.vhd (N/A, 2023-02-08 12:07:59) <-- (may instantiate this module)
                        C:\Users\user\Documents\ISISA\optical_transmission\Project-VILTRA\transmitter_maker_ham3\component\work\trans_maker_ham3_sb\trans_maker_ham3_sb.vhd (N/A, 2023-02-08 12:07:59) <-- (may instantiate this module)
24       work.trans_maker_ham3.rtl may have changed because the following files changed:
                        C:\Users\user\Documents\ISISA\optical_transmission\Project-VILTRA\transmitter_maker_ham3\component\work\trans_maker_ham3\trans_maker_ham3.vhd (N/A, 2023-02-08 12:08:45) <-- (architecture and entity definition)
26       work.trans_maker_ham3_sb.rtl may have changed because the following files changed:
                        C:\Users\user\Documents\ISISA\optical_transmission\Project-VILTRA\transmitter_maker_ham3\component\work\trans_maker_ham3\trans_maker_ham3.vhd (N/A, 2023-02-08 12:08:45) <-- (may instantiate this module)
                        C:\Users\user\Documents\ISISA\optical_transmission\Project-VILTRA\transmitter_maker_ham3\component\work\trans_maker_ham3_sb\trans_maker_ham3_sb.vhd (N/A, 2023-02-08 12:07:59) <-- (architecture and entity definition)
28       work.trans_maker_ham3_sb_ccc_0_fccc.def_arch may have changed because the following files changed:
                        C:\Users\user\Documents\ISISA\optical_transmission\Project-VILTRA\transmitter_maker_ham3\component\work\trans_maker_ham3\trans_maker_ham3.vhd (N/A, 2023-02-08 12:08:45) <-- (may instantiate this module)
                        C:\Users\user\Documents\ISISA\optical_transmission\Project-VILTRA\transmitter_maker_ham3\component\work\trans_maker_ham3_sb\CCC_0\trans_maker_ham3_sb_CCC_0_FCCC.vhd (N/A, 2023-02-08 12:07:57) <-- (architecture and entity definition)
                        C:\Users\user\Documents\ISISA\optical_transmission\Project-VILTRA\transmitter_maker_ham3\component\work\trans_maker_ham3_sb\trans_maker_ham3_sb.vhd (N/A, 2023-02-08 12:07:59) <-- (may instantiate this module)
30       work.trans_maker_ham3_sb_fabosc_0_osc.def_arch may have changed because the following files changed:
                        C:\Users\user\Documents\ISISA\optical_transmission\Project-VILTRA\transmitter_maker_ham3\component\work\trans_maker_ham3\trans_maker_ham3.vhd (N/A, 2023-02-08 12:08:45) <-- (may instantiate this module)
                        C:\Users\user\Documents\ISISA\optical_transmission\Project-VILTRA\transmitter_maker_ham3\component\work\trans_maker_ham3_sb\FABOSC_0\trans_maker_ham3_sb_FABOSC_0_OSC.vhd (N/A, 2023-02-08 12:07:59) <-- (architecture and entity definition)
                        C:\Users\user\Documents\ISISA\optical_transmission\Project-VILTRA\transmitter_maker_ham3\component\work\trans_maker_ham3_sb\trans_maker_ham3_sb.vhd (N/A, 2023-02-08 12:07:59) <-- (may instantiate this module)
32       work.trans_maker_ham3_sb_mss.rtl may have changed because the following files changed:
                        C:\Users\user\Documents\ISISA\optical_transmission\Project-VILTRA\transmitter_maker_ham3\component\work\trans_maker_ham3\trans_maker_ham3.vhd (N/A, 2023-02-08 12:08:45) <-- (may instantiate this module)
                        C:\Users\user\Documents\ISISA\optical_transmission\Project-VILTRA\transmitter_maker_ham3\component\work\trans_maker_ham3_sb\trans_maker_ham3_sb.vhd (N/A, 2023-02-08 12:07:59) <-- (may instantiate this module)
                        C:\Users\user\Documents\ISISA\optical_transmission\Project-VILTRA\transmitter_maker_ham3\component\work\trans_maker_ham3_sb_MSS\trans_maker_ham3_sb_MSS.vhd (N/A, 2023-02-03 14:23:08) <-- (architecture and entity definition)
34       work.trans_slave_ham.architecture_trans_slave_ham may have changed because the following files changed:
                        C:\Users\user\Documents\ISISA\optical_transmission\Project-VILTRA\transmitter_maker_ham3\component\work\trans_maker_ham3\trans_maker_ham3.vhd (N/A, 2023-02-08 12:08:45) <-- (may instantiate this module)
                        C:\Users\user\Documents\ISISA\optical_transmission\Project-VILTRA\transmitter_maker_ham3\component\work\trans_maker_ham3_sb\trans_maker_ham3_sb.vhd (N/A, 2023-02-08 12:07:59) <-- (may instantiate this module)
                        C:\Users\user\Documents\ISISA\optical_transmission\Project-VILTRA\transmitter_maker_ham3\hdl\trans_slave_ham.vhd (N/A, 2023-02-05 23:28:13) <-- (architecture and entity definition)
36       work.xtlosc.def_arch may have changed because the following files changed:
                        C:\Users\user\Documents\ISISA\optical_transmission\Project-VILTRA\transmitter_maker_ham3\component\Actel\SgCore\OSC\2.0.101\osc_comps.vhd (N/A, 2022-11-11 12:08:27) <-- (architecture and entity definition)
                        C:\Users\user\Documents\ISISA\optical_transmission\Project-VILTRA\transmitter_maker_ham3\component\work\trans_maker_ham3\trans_maker_ham3.vhd (N/A, 2023-02-08 12:08:45) <-- (may instantiate this module)
                        C:\Users\user\Documents\ISISA\optical_transmission\Project-VILTRA\transmitter_maker_ham3\component\work\trans_maker_ham3_sb\FABOSC_0\trans_maker_ham3_sb_FABOSC_0_OSC.vhd (N/A, 2023-02-08 12:07:59) <-- (may instantiate this module)
                        C:\Users\user\Documents\ISISA\optical_transmission\Project-VILTRA\transmitter_maker_ham3\component\work\trans_maker_ham3_sb\trans_maker_ham3_sb.vhd (N/A, 2023-02-08 12:07:59) <-- (may instantiate this module)
38       work.xtlosc_fab.def_arch may have changed because the following files changed:
                        C:\Users\user\Documents\ISISA\optical_transmission\Project-VILTRA\transmitter_maker_ham3\component\Actel\SgCore\OSC\2.0.101\osc_comps.vhd (N/A, 2022-11-11 12:08:27) <-- (architecture and entity definition)
                        C:\Users\user\Documents\ISISA\optical_transmission\Project-VILTRA\transmitter_maker_ham3\component\work\trans_maker_ham3\trans_maker_ham3.vhd (N/A, 2023-02-08 12:08:45) <-- (may instantiate this module)
                        C:\Users\user\Documents\ISISA\optical_transmission\Project-VILTRA\transmitter_maker_ham3\component\work\trans_maker_ham3_sb\FABOSC_0\trans_maker_ham3_sb_FABOSC_0_OSC.vhd (N/A, 2023-02-08 12:07:59) <-- (may instantiate this module)
                        C:\Users\user\Documents\ISISA\optical_transmission\Project-VILTRA\transmitter_maker_ham3\component\work\trans_maker_ham3_sb\trans_maker_ham3_sb.vhd (N/A, 2023-02-08 12:07:59) <-- (may instantiate this module)

*******************************************************************
Unmodified files: 11
FID:  path (timestamp)
0        C:\Microchip\Libero_SoC_v2022.2\fpga_S-2021.09M-SP1\lib\generic\smartfusion2.vhd (2022-06-14 22:20:56)
1        C:\Microchip\Libero_SoC_v2022.2\fpga_S-2021.09M-SP1\lib\vhd2008\arith.vhd (2022-06-14 20:10:00)
2        C:\Microchip\Libero_SoC_v2022.2\fpga_S-2021.09M-SP1\lib\vhd2008\location.map (2022-06-14 20:10:00)
3        C:\Microchip\Libero_SoC_v2022.2\fpga_S-2021.09M-SP1\lib\vhd2008\numeric.vhd (2022-06-14 20:47:12)
4        C:\Microchip\Libero_SoC_v2022.2\fpga_S-2021.09M-SP1\lib\vhd2008\std.vhd (2022-06-14 20:10:58)
5        C:\Microchip\Libero_SoC_v2022.2\fpga_S-2021.09M-SP1\lib\vhd2008\std1164.vhd (2022-06-14 20:10:00)
6        C:\Microchip\Libero_SoC_v2022.2\fpga_S-2021.09M-SP1\lib\vhd2008\std_textio.vhd (2022-06-14 20:10:00)
7        C:\Microchip\Libero_SoC_v2022.2\fpga_S-2021.09M-SP1\lib\vhd2008\unsigned.vhd (2022-06-14 20:10:00)
8        C:\Microchip\Libero_SoC_v2022.2\fpga_S-2021.09M-SP1\lib\vhd\hyperents.vhd (2022-06-14 20:09:58)
9        C:\Microchip\Libero_SoC_v2022.2\fpga_S-2021.09M-SP1\lib\vhd\snps_haps_pkg.vhd (2022-06-14 20:09:58)
10       C:\Microchip\Libero_SoC_v2022.2\fpga_S-2021.09M-SP1\lib\vhd\umr_capim.vhd (2022-06-14 20:09:58)

*******************************************************************
Unchanged modules: 0
MID:  lib.cell.view
