Resource Usage Report for transmitter 

Mapping to part: m2s010vf400std
Cell usage:
CCC             1 use
CLKINT          2 uses
MSS_010         1 use
RCOSC_25_50MHZ  1 use
SYSRESET        1 use
CFG1           8 uses
CFG2           32 uses
CFG3           48 uses
CFG4           153 uses


Sequential Cells: 
SLE            103 uses

DSP Blocks:    0 of 22 (0%)

I/O ports: 12
I/O primitives: 11
OUTBUF         11 uses


Global Clock Buffers: 2

Total LUTs:    241

Extra resources required for RAM and MACC interface logic during P&R:

RAM64x18 Interface Logic : SLEs = 36; LUTs = 36;
RAM1K18  Interface Logic : SLEs = 0; LUTs = 0;
MACC     Interface Logic : SLEs = 0; LUTs = 0;

Total number of SLEs after P&R:  103 + 36 + 0 + 0 = 139;
Total number of LUTs after P&R:  241 + 36 + 0 + 0 = 277;

