
Copyright (C) 1994-2021 Synopsys, Inc.
This Synopsys software and all associated documentation are proprietary to Synopsys, Inc.
and may only be used pursuant to the terms and conditions of a written license agreement
with Synopsys, Inc. All other use, reproduction, modification, or distribution of the
Synopsys software or the associated documentation is strictly prohibited.
Tool: Synplify Pro (R)
Build: S-2021.09M-SP1
Install: C:\Microchip\Libero_SoC_v2022.2\fpga_S-2021.09M-SP1
OS: Windows 10 or later
Hostname: ACER

Implementation : synthesis
Synopsys HDL compiler and linker, Version comp202109synp2, Build 152R, Built Jun 14 2022 11:35:28, @

Modified Files: 17
FID:  path (prevtimestamp, timestamp)
11       C:\Microchip\Libero_SoC_v2022.2\fpga_S-2021.09M-SP1\lib\generic\smartfusion2.vhd (N/A, 2022-06-14 22:20:56)
12       C:\Users\user\Documents\ISISA\optical_transmission\receiver_ham\component\Actel\DirectCore\CoreAPB3\4.1.100\rtl\vhdl\core\components.vhd (N/A, 2022-12-16 09:47:52)
13       C:\Users\user\Documents\ISISA\optical_transmission\receiver_ham\component\Actel\DirectCore\CoreAPB3\4.1.100\rtl\vhdl\core\coreapb3.vhd (N/A, 2022-12-16 09:47:52)
14       C:\Users\user\Documents\ISISA\optical_transmission\receiver_ham\component\Actel\DirectCore\CoreAPB3\4.1.100\rtl\vhdl\core\coreapb3_iaddr_reg.vhd (N/A, 2022-12-16 09:47:52)
15       C:\Users\user\Documents\ISISA\optical_transmission\receiver_ham\component\Actel\DirectCore\CoreAPB3\4.1.100\rtl\vhdl\core\coreapb3_muxptob3.vhd (N/A, 2022-12-16 09:47:52)
16       C:\Users\user\Documents\ISISA\optical_transmission\receiver_ham\component\Actel\DirectCore\CoreResetP\7.1.100\rtl\vhdl\core\coreresetp.vhd (N/A, 2022-11-25 14:44:49)
17       C:\Users\user\Documents\ISISA\optical_transmission\receiver_ham\component\Actel\DirectCore\CoreResetP\7.1.100\rtl\vhdl\core\coreresetp_pcie_hotreset.vhd (N/A, 2022-11-25 14:44:49)
18       C:\Users\user\Documents\ISISA\optical_transmission\receiver_ham\component\Actel\SgCore\OSC\2.0.101\osc_comps.vhd (N/A, 2022-11-11 12:08:27)
19       C:\Users\user\Documents\ISISA\optical_transmission\receiver_ham\component\work\receiver_with_ham\receiver_with_ham.vhd (N/A, 2023-02-08 13:18:37)
20       C:\Users\user\Documents\ISISA\optical_transmission\receiver_ham\component\work\receiver_with_ham_sb\CCC_0\receiver_with_ham_sb_CCC_0_FCCC.vhd (N/A, 2023-02-08 13:18:30)
21       C:\Users\user\Documents\ISISA\optical_transmission\receiver_ham\component\work\receiver_with_ham_sb\FABOSC_0\receiver_with_ham_sb_FABOSC_0_OSC.vhd (N/A, 2023-02-08 13:18:32)
22       C:\Users\user\Documents\ISISA\optical_transmission\receiver_ham\component\work\receiver_with_ham_sb\receiver_with_ham_sb.vhd (N/A, 2023-02-08 13:18:32)
23       C:\Users\user\Documents\ISISA\optical_transmission\receiver_ham\component\work\receiver_with_ham_sb_MSS\receiver_with_ham_sb_MSS.vhd (N/A, 2023-02-07 22:58:25)
24       C:\Users\user\Documents\ISISA\optical_transmission\receiver_ham\component\work\receiver_with_ham_sb_MSS\receiver_with_ham_sb_MSS_syn.vhd (N/A, 2023-02-07 22:58:25)
25       C:\Users\user\Documents\ISISA\optical_transmission\receiver_ham\hdl\APB_slave_vhdl.vhd (N/A, 2023-02-07 09:51:13)
10       C:\Users\user\Documents\ISISA\optical_transmission\receiver_ham\hdl\decode_ham.vhd (2023-02-03 01:26:41, 2023-02-08 13:18:02)
26       C:\Users\user\Documents\ISISA\optical_transmission\receiver_ham\hdl\receiver_slave_vhdl.vhd (N/A, 2023-02-07 09:56:15)

*******************************************************************
Modules that may have changed as a result of file changes: 20
MID:  lib.cell.view
2        coreapb3_lib.coreapb3.coreapb3_arch may have changed because the following files changed:
                        C:\Users\user\Documents\ISISA\optical_transmission\receiver_ham\component\Actel\DirectCore\CoreAPB3\4.1.100\rtl\vhdl\core\coreapb3.vhd (N/A, 2022-12-16 09:47:52) <-- (architecture and entity definition)
                        C:\Users\user\Documents\ISISA\optical_transmission\receiver_ham\component\work\receiver_with_ham\receiver_with_ham.vhd (N/A, 2023-02-08 13:18:37) <-- (may instantiate this module)
                        C:\Users\user\Documents\ISISA\optical_transmission\receiver_ham\component\work\receiver_with_ham_sb\receiver_with_ham_sb.vhd (N/A, 2023-02-08 13:18:32) <-- (may instantiate this module)
4        coreapb3_lib.coreapb3_iaddr_reg.rtl may have changed because the following files changed:
                        C:\Users\user\Documents\ISISA\optical_transmission\receiver_ham\component\Actel\DirectCore\CoreAPB3\4.1.100\rtl\vhdl\core\coreapb3.vhd (N/A, 2022-12-16 09:47:52) <-- (may instantiate this module)
                        C:\Users\user\Documents\ISISA\optical_transmission\receiver_ham\component\Actel\DirectCore\CoreAPB3\4.1.100\rtl\vhdl\core\coreapb3_iaddr_reg.vhd (N/A, 2022-12-16 09:47:52) <-- (architecture and entity definition)
                        C:\Users\user\Documents\ISISA\optical_transmission\receiver_ham\component\work\receiver_with_ham\receiver_with_ham.vhd (N/A, 2023-02-08 13:18:37) <-- (may instantiate this module)
                        C:\Users\user\Documents\ISISA\optical_transmission\receiver_ham\component\work\receiver_with_ham_sb\receiver_with_ham_sb.vhd (N/A, 2023-02-08 13:18:32) <-- (may instantiate this module)
6        coreapb3_lib.coreapb3_muxptob3.coreapb3_muxptob3_arch may have changed because the following files changed:
                        C:\Users\user\Documents\ISISA\optical_transmission\receiver_ham\component\Actel\DirectCore\CoreAPB3\4.1.100\rtl\vhdl\core\coreapb3.vhd (N/A, 2022-12-16 09:47:52) <-- (may instantiate this module)
                        C:\Users\user\Documents\ISISA\optical_transmission\receiver_ham\component\Actel\DirectCore\CoreAPB3\4.1.100\rtl\vhdl\core\coreapb3_muxptob3.vhd (N/A, 2022-12-16 09:47:52) <-- (architecture and entity definition)
                        C:\Users\user\Documents\ISISA\optical_transmission\receiver_ham\component\work\receiver_with_ham\receiver_with_ham.vhd (N/A, 2023-02-08 13:18:37) <-- (may instantiate this module)
                        C:\Users\user\Documents\ISISA\optical_transmission\receiver_ham\component\work\receiver_with_ham_sb\receiver_with_ham_sb.vhd (N/A, 2023-02-08 13:18:32) <-- (may instantiate this module)
8        work.apb_slave_vhdl.architecture_apb_slave_vhdl may have changed because the following files changed:
                        C:\Users\user\Documents\ISISA\optical_transmission\receiver_ham\component\work\receiver_with_ham\receiver_with_ham.vhd (N/A, 2023-02-08 13:18:37) <-- (may instantiate this module)
                        C:\Users\user\Documents\ISISA\optical_transmission\receiver_ham\component\work\receiver_with_ham_sb\receiver_with_ham_sb.vhd (N/A, 2023-02-08 13:18:32) <-- (may instantiate this module)
                        C:\Users\user\Documents\ISISA\optical_transmission\receiver_ham\hdl\APB_slave_vhdl.vhd (N/A, 2023-02-07 09:51:13) <-- (architecture and entity definition)
                        C:\Users\user\Documents\ISISA\optical_transmission\receiver_ham\hdl\receiver_slave_vhdl.vhd (N/A, 2023-02-07 09:56:15) <-- (may instantiate this module)
10       work.coreresetp.rtl may have changed because the following files changed:
                        C:\Users\user\Documents\ISISA\optical_transmission\receiver_ham\component\Actel\DirectCore\CoreResetP\7.1.100\rtl\vhdl\core\coreresetp.vhd (N/A, 2022-11-25 14:44:49) <-- (architecture and entity definition)
                        C:\Users\user\Documents\ISISA\optical_transmission\receiver_ham\component\work\receiver_with_ham\receiver_with_ham.vhd (N/A, 2023-02-08 13:18:37) <-- (may instantiate this module)
                        C:\Users\user\Documents\ISISA\optical_transmission\receiver_ham\component\work\receiver_with_ham_sb\receiver_with_ham_sb.vhd (N/A, 2023-02-08 13:18:32) <-- (may instantiate this module)
12       work.coreresetp_pcie_hotreset.rtl may have changed because the following files changed:
                        C:\Users\user\Documents\ISISA\optical_transmission\receiver_ham\component\Actel\DirectCore\CoreResetP\7.1.100\rtl\vhdl\core\coreresetp.vhd (N/A, 2022-11-25 14:44:49) <-- (may instantiate this module)
                        C:\Users\user\Documents\ISISA\optical_transmission\receiver_ham\component\Actel\DirectCore\CoreResetP\7.1.100\rtl\vhdl\core\coreresetp_pcie_hotreset.vhd (N/A, 2022-11-25 14:44:49) <-- (architecture and entity definition)
                        C:\Users\user\Documents\ISISA\optical_transmission\receiver_ham\component\work\receiver_with_ham\receiver_with_ham.vhd (N/A, 2023-02-08 13:18:37) <-- (may instantiate this module)
                        C:\Users\user\Documents\ISISA\optical_transmission\receiver_ham\component\work\receiver_with_ham_sb\receiver_with_ham_sb.vhd (N/A, 2023-02-08 13:18:32) <-- (may instantiate this module)
0        work.decode_ham.architecture_decode_ham may have changed because the following files changed:
                        C:\Users\user\Documents\ISISA\optical_transmission\receiver_ham\component\work\receiver_with_ham\receiver_with_ham.vhd (N/A, 2023-02-08 13:18:37) <-- (may instantiate this module)
                        C:\Users\user\Documents\ISISA\optical_transmission\receiver_ham\component\work\receiver_with_ham_sb\receiver_with_ham_sb.vhd (N/A, 2023-02-08 13:18:32) <-- (may instantiate this module)
                        C:\Users\user\Documents\ISISA\optical_transmission\receiver_ham\hdl\decode_ham.vhd (2023-02-03 01:26:41, 2023-02-08 13:18:02) <-- (architecture and entity definition)
                        C:\Users\user\Documents\ISISA\optical_transmission\receiver_ham\hdl\receiver_slave_vhdl.vhd (N/A, 2023-02-07 09:56:15) <-- (may instantiate this module)
14       work.mss_010.def_arch may have changed because the following files changed:
                        C:\Users\user\Documents\ISISA\optical_transmission\receiver_ham\component\work\receiver_with_ham\receiver_with_ham.vhd (N/A, 2023-02-08 13:18:37) <-- (may instantiate this module)
                        C:\Users\user\Documents\ISISA\optical_transmission\receiver_ham\component\work\receiver_with_ham_sb\receiver_with_ham_sb.vhd (N/A, 2023-02-08 13:18:32) <-- (may instantiate this module)
                        C:\Users\user\Documents\ISISA\optical_transmission\receiver_ham\component\work\receiver_with_ham_sb_MSS\receiver_with_ham_sb_MSS.vhd (N/A, 2023-02-07 22:58:25) <-- (may instantiate this module)
                        C:\Users\user\Documents\ISISA\optical_transmission\receiver_ham\component\work\receiver_with_ham_sb_MSS\receiver_with_ham_sb_MSS_syn.vhd (N/A, 2023-02-07 22:58:25) <-- (architecture and entity definition)
16       work.rcosc_1mhz.def_arch may have changed because the following files changed:
                        C:\Users\user\Documents\ISISA\optical_transmission\receiver_ham\component\Actel\SgCore\OSC\2.0.101\osc_comps.vhd (N/A, 2022-11-11 12:08:27) <-- (architecture and entity definition)
                        C:\Users\user\Documents\ISISA\optical_transmission\receiver_ham\component\work\receiver_with_ham\receiver_with_ham.vhd (N/A, 2023-02-08 13:18:37) <-- (may instantiate this module)
                        C:\Users\user\Documents\ISISA\optical_transmission\receiver_ham\component\work\receiver_with_ham_sb\FABOSC_0\receiver_with_ham_sb_FABOSC_0_OSC.vhd (N/A, 2023-02-08 13:18:32) <-- (may instantiate this module)
                        C:\Users\user\Documents\ISISA\optical_transmission\receiver_ham\component\work\receiver_with_ham_sb\receiver_with_ham_sb.vhd (N/A, 2023-02-08 13:18:32) <-- (may instantiate this module)
18       work.rcosc_1mhz_fab.def_arch may have changed because the following files changed:
                        C:\Users\user\Documents\ISISA\optical_transmission\receiver_ham\component\Actel\SgCore\OSC\2.0.101\osc_comps.vhd (N/A, 2022-11-11 12:08:27) <-- (architecture and entity definition)
                        C:\Users\user\Documents\ISISA\optical_transmission\receiver_ham\component\work\receiver_with_ham\receiver_with_ham.vhd (N/A, 2023-02-08 13:18:37) <-- (may instantiate this module)
                        C:\Users\user\Documents\ISISA\optical_transmission\receiver_ham\component\work\receiver_with_ham_sb\FABOSC_0\receiver_with_ham_sb_FABOSC_0_OSC.vhd (N/A, 2023-02-08 13:18:32) <-- (may instantiate this module)
                        C:\Users\user\Documents\ISISA\optical_transmission\receiver_ham\component\work\receiver_with_ham_sb\receiver_with_ham_sb.vhd (N/A, 2023-02-08 13:18:32) <-- (may instantiate this module)
20       work.rcosc_25_50mhz.def_arch may have changed because the following files changed:
                        C:\Users\user\Documents\ISISA\optical_transmission\receiver_ham\component\Actel\SgCore\OSC\2.0.101\osc_comps.vhd (N/A, 2022-11-11 12:08:27) <-- (architecture and entity definition)
                        C:\Users\user\Documents\ISISA\optical_transmission\receiver_ham\component\work\receiver_with_ham\receiver_with_ham.vhd (N/A, 2023-02-08 13:18:37) <-- (may instantiate this module)
                        C:\Users\user\Documents\ISISA\optical_transmission\receiver_ham\component\work\receiver_with_ham_sb\FABOSC_0\receiver_with_ham_sb_FABOSC_0_OSC.vhd (N/A, 2023-02-08 13:18:32) <-- (may instantiate this module)
                        C:\Users\user\Documents\ISISA\optical_transmission\receiver_ham\component\work\receiver_with_ham_sb\receiver_with_ham_sb.vhd (N/A, 2023-02-08 13:18:32) <-- (may instantiate this module)
22       work.rcosc_25_50mhz_fab.def_arch may have changed because the following files changed:
                        C:\Users\user\Documents\ISISA\optical_transmission\receiver_ham\component\Actel\SgCore\OSC\2.0.101\osc_comps.vhd (N/A, 2022-11-11 12:08:27) <-- (architecture and entity definition)
                        C:\Users\user\Documents\ISISA\optical_transmission\receiver_ham\component\work\receiver_with_ham\receiver_with_ham.vhd (N/A, 2023-02-08 13:18:37) <-- (may instantiate this module)
                        C:\Users\user\Documents\ISISA\optical_transmission\receiver_ham\component\work\receiver_with_ham_sb\FABOSC_0\receiver_with_ham_sb_FABOSC_0_OSC.vhd (N/A, 2023-02-08 13:18:32) <-- (may instantiate this module)
                        C:\Users\user\Documents\ISISA\optical_transmission\receiver_ham\component\work\receiver_with_ham_sb\receiver_with_ham_sb.vhd (N/A, 2023-02-08 13:18:32) <-- (may instantiate this module)
24       work.receiver_slave_vhdl.architecture_receiver_slave_vhdl may have changed because the following files changed:
                        C:\Users\user\Documents\ISISA\optical_transmission\receiver_ham\component\work\receiver_with_ham\receiver_with_ham.vhd (N/A, 2023-02-08 13:18:37) <-- (may instantiate this module)
                        C:\Users\user\Documents\ISISA\optical_transmission\receiver_ham\component\work\receiver_with_ham_sb\receiver_with_ham_sb.vhd (N/A, 2023-02-08 13:18:32) <-- (may instantiate this module)
                        C:\Users\user\Documents\ISISA\optical_transmission\receiver_ham\hdl\receiver_slave_vhdl.vhd (N/A, 2023-02-07 09:56:15) <-- (architecture and entity definition)
26       work.receiver_with_ham.rtl may have changed because the following files changed:
                        C:\Users\user\Documents\ISISA\optical_transmission\receiver_ham\component\work\receiver_with_ham\receiver_with_ham.vhd (N/A, 2023-02-08 13:18:37) <-- (architecture and entity definition)
28       work.receiver_with_ham_sb.rtl may have changed because the following files changed:
                        C:\Users\user\Documents\ISISA\optical_transmission\receiver_ham\component\work\receiver_with_ham\receiver_with_ham.vhd (N/A, 2023-02-08 13:18:37) <-- (may instantiate this module)
                        C:\Users\user\Documents\ISISA\optical_transmission\receiver_ham\component\work\receiver_with_ham_sb\receiver_with_ham_sb.vhd (N/A, 2023-02-08 13:18:32) <-- (architecture and entity definition)
30       work.receiver_with_ham_sb_ccc_0_fccc.def_arch may have changed because the following files changed:
                        C:\Users\user\Documents\ISISA\optical_transmission\receiver_ham\component\work\receiver_with_ham\receiver_with_ham.vhd (N/A, 2023-02-08 13:18:37) <-- (may instantiate this module)
                        C:\Users\user\Documents\ISISA\optical_transmission\receiver_ham\component\work\receiver_with_ham_sb\CCC_0\receiver_with_ham_sb_CCC_0_FCCC.vhd (N/A, 2023-02-08 13:18:30) <-- (architecture and entity definition)
                        C:\Users\user\Documents\ISISA\optical_transmission\receiver_ham\component\work\receiver_with_ham_sb\receiver_with_ham_sb.vhd (N/A, 2023-02-08 13:18:32) <-- (may instantiate this module)
32       work.receiver_with_ham_sb_fabosc_0_osc.def_arch may have changed because the following files changed:
                        C:\Users\user\Documents\ISISA\optical_transmission\receiver_ham\component\work\receiver_with_ham\receiver_with_ham.vhd (N/A, 2023-02-08 13:18:37) <-- (may instantiate this module)
                        C:\Users\user\Documents\ISISA\optical_transmission\receiver_ham\component\work\receiver_with_ham_sb\FABOSC_0\receiver_with_ham_sb_FABOSC_0_OSC.vhd (N/A, 2023-02-08 13:18:32) <-- (architecture and entity definition)
                        C:\Users\user\Documents\ISISA\optical_transmission\receiver_ham\component\work\receiver_with_ham_sb\receiver_with_ham_sb.vhd (N/A, 2023-02-08 13:18:32) <-- (may instantiate this module)
34       work.receiver_with_ham_sb_mss.rtl may have changed because the following files changed:
                        C:\Users\user\Documents\ISISA\optical_transmission\receiver_ham\component\work\receiver_with_ham\receiver_with_ham.vhd (N/A, 2023-02-08 13:18:37) <-- (may instantiate this module)
                        C:\Users\user\Documents\ISISA\optical_transmission\receiver_ham\component\work\receiver_with_ham_sb\receiver_with_ham_sb.vhd (N/A, 2023-02-08 13:18:32) <-- (may instantiate this module)
                        C:\Users\user\Documents\ISISA\optical_transmission\receiver_ham\component\work\receiver_with_ham_sb_MSS\receiver_with_ham_sb_MSS.vhd (N/A, 2023-02-07 22:58:25) <-- (architecture and entity definition)
36       work.xtlosc.def_arch may have changed because the following files changed:
                        C:\Users\user\Documents\ISISA\optical_transmission\receiver_ham\component\Actel\SgCore\OSC\2.0.101\osc_comps.vhd (N/A, 2022-11-11 12:08:27) <-- (architecture and entity definition)
                        C:\Users\user\Documents\ISISA\optical_transmission\receiver_ham\component\work\receiver_with_ham\receiver_with_ham.vhd (N/A, 2023-02-08 13:18:37) <-- (may instantiate this module)
                        C:\Users\user\Documents\ISISA\optical_transmission\receiver_ham\component\work\receiver_with_ham_sb\FABOSC_0\receiver_with_ham_sb_FABOSC_0_OSC.vhd (N/A, 2023-02-08 13:18:32) <-- (may instantiate this module)
                        C:\Users\user\Documents\ISISA\optical_transmission\receiver_ham\component\work\receiver_with_ham_sb\receiver_with_ham_sb.vhd (N/A, 2023-02-08 13:18:32) <-- (may instantiate this module)
38       work.xtlosc_fab.def_arch may have changed because the following files changed:
                        C:\Users\user\Documents\ISISA\optical_transmission\receiver_ham\component\Actel\SgCore\OSC\2.0.101\osc_comps.vhd (N/A, 2022-11-11 12:08:27) <-- (architecture and entity definition)
                        C:\Users\user\Documents\ISISA\optical_transmission\receiver_ham\component\work\receiver_with_ham\receiver_with_ham.vhd (N/A, 2023-02-08 13:18:37) <-- (may instantiate this module)
                        C:\Users\user\Documents\ISISA\optical_transmission\receiver_ham\component\work\receiver_with_ham_sb\FABOSC_0\receiver_with_ham_sb_FABOSC_0_OSC.vhd (N/A, 2023-02-08 13:18:32) <-- (may instantiate this module)
                        C:\Users\user\Documents\ISISA\optical_transmission\receiver_ham\component\work\receiver_with_ham_sb\receiver_with_ham_sb.vhd (N/A, 2023-02-08 13:18:32) <-- (may instantiate this module)

*******************************************************************
Unmodified files: 10
FID:  path (timestamp)
0        C:\Microchip\Libero_SoC_v2022.2\fpga_S-2021.09M-SP1\lib\vhd2008\arith.vhd (2022-06-14 20:10:00)
1        C:\Microchip\Libero_SoC_v2022.2\fpga_S-2021.09M-SP1\lib\vhd2008\location.map (2022-06-14 20:10:00)
2        C:\Microchip\Libero_SoC_v2022.2\fpga_S-2021.09M-SP1\lib\vhd2008\numeric.vhd (2022-06-14 20:47:12)
3        C:\Microchip\Libero_SoC_v2022.2\fpga_S-2021.09M-SP1\lib\vhd2008\std.vhd (2022-06-14 20:10:58)
4        C:\Microchip\Libero_SoC_v2022.2\fpga_S-2021.09M-SP1\lib\vhd2008\std1164.vhd (2022-06-14 20:10:00)
5        C:\Microchip\Libero_SoC_v2022.2\fpga_S-2021.09M-SP1\lib\vhd2008\std_textio.vhd (2022-06-14 20:10:00)
6        C:\Microchip\Libero_SoC_v2022.2\fpga_S-2021.09M-SP1\lib\vhd2008\unsigned.vhd (2022-06-14 20:10:00)
7        C:\Microchip\Libero_SoC_v2022.2\fpga_S-2021.09M-SP1\lib\vhd\hyperents.vhd (2022-06-14 20:09:58)
8        C:\Microchip\Libero_SoC_v2022.2\fpga_S-2021.09M-SP1\lib\vhd\snps_haps_pkg.vhd (2022-06-14 20:09:58)
9        C:\Microchip\Libero_SoC_v2022.2\fpga_S-2021.09M-SP1\lib\vhd\umr_capim.vhd (2022-06-14 20:09:58)

*******************************************************************
Unchanged modules: 0
MID:  lib.cell.view
