
Copyright (C) 1994-2021 Synopsys, Inc.
This Synopsys software and all associated documentation are proprietary to Synopsys, Inc.
and may only be used pursuant to the terms and conditions of a written license agreement
with Synopsys, Inc. All other use, reproduction, modification, or distribution of the
Synopsys software or the associated documentation is strictly prohibited.
Tool: Synplify Pro (R)
Build: S-2021.09M-SP1
Install: C:\Microchip\Libero_SoC_v2022.2\SynplifyPro
OS: Windows 10 or later
Hostname: SURFACEPRO

Implementation : synthesis
Synopsys HDL compiler and linker, Version comp202109synp2, Build 152R, Built Jun 14 2022 11:35:28, @

Modified Files: 2
FID:  path (prevtimestamp, timestamp)
22       C:\Projects\ISISA\viltra-neu\Project-VILTRA\receiver_maker\component\work\receiver_sb_MSS\receiver_sb_MSS.vhd (2023-01-31 18:28:47, 2023-02-02 18:02:49)
23       C:\Projects\ISISA\viltra-neu\Project-VILTRA\receiver_maker\component\work\receiver_sb_MSS\receiver_sb_MSS_syn.vhd (2023-01-31 18:28:46, 2023-02-02 18:02:49)

*******************************************************************
Modules that may have changed as a result of file changes: 2
MID:  lib.cell.view
14       work.mss_010.def_arch may have changed because the following files changed:
                        C:\Projects\ISISA\viltra-neu\Project-VILTRA\receiver_maker\component\work\receiver_sb_MSS\receiver_sb_MSS.vhd (2023-01-31 18:28:47, 2023-02-02 18:02:49) <-- (may instantiate this module)
                        C:\Projects\ISISA\viltra-neu\Project-VILTRA\receiver_maker\component\work\receiver_sb_MSS\receiver_sb_MSS_syn.vhd (2023-01-31 18:28:46, 2023-02-02 18:02:49) <-- (architecture and entity definition)
32       work.receiver_sb_mss.rtl may have changed because the following files changed:
                        C:\Projects\ISISA\viltra-neu\Project-VILTRA\receiver_maker\component\work\receiver_sb_MSS\receiver_sb_MSS.vhd (2023-01-31 18:28:47, 2023-02-02 18:02:49) <-- (architecture and entity definition)

*******************************************************************
Unmodified files: 25
FID:  path (timestamp)
0        C:\Microchip\Libero_SoC_v2022.2\SynplifyPro\lib\generic\smartfusion2.vhd (2022-06-23 14:48:46)
1        C:\Microchip\Libero_SoC_v2022.2\SynplifyPro\lib\vhd2008\arith.vhd (2022-06-23 14:48:48)
2        C:\Microchip\Libero_SoC_v2022.2\SynplifyPro\lib\vhd2008\location.map (2022-06-23 14:48:48)
3        C:\Microchip\Libero_SoC_v2022.2\SynplifyPro\lib\vhd2008\numeric.vhd (2022-06-23 14:48:48)
4        C:\Microchip\Libero_SoC_v2022.2\SynplifyPro\lib\vhd2008\std.vhd (2022-06-23 14:48:48)
5        C:\Microchip\Libero_SoC_v2022.2\SynplifyPro\lib\vhd2008\std1164.vhd (2022-06-23 14:48:48)
6        C:\Microchip\Libero_SoC_v2022.2\SynplifyPro\lib\vhd2008\std_textio.vhd (2022-06-23 14:48:48)
7        C:\Microchip\Libero_SoC_v2022.2\SynplifyPro\lib\vhd2008\unsigned.vhd (2022-06-23 14:48:48)
8        C:\Microchip\Libero_SoC_v2022.2\SynplifyPro\lib\vhd\hyperents.vhd (2022-06-23 14:48:48)
9        C:\Microchip\Libero_SoC_v2022.2\SynplifyPro\lib\vhd\snps_haps_pkg.vhd (2022-06-23 14:48:48)
10       C:\Microchip\Libero_SoC_v2022.2\SynplifyPro\lib\vhd\umr_capim.vhd (2022-06-23 14:48:48)
11       C:\Projects\ISISA\viltra-neu\Project-VILTRA\receiver_maker\component\Actel\DirectCore\CoreAPB3\4.1.100\rtl\vhdl\core\components.vhd (2023-01-12 16:12:40)
12       C:\Projects\ISISA\viltra-neu\Project-VILTRA\receiver_maker\component\Actel\DirectCore\CoreAPB3\4.1.100\rtl\vhdl\core\coreapb3.vhd (2023-01-12 16:12:40)
13       C:\Projects\ISISA\viltra-neu\Project-VILTRA\receiver_maker\component\Actel\DirectCore\CoreAPB3\4.1.100\rtl\vhdl\core\coreapb3_iaddr_reg.vhd (2023-01-12 16:12:40)
14       C:\Projects\ISISA\viltra-neu\Project-VILTRA\receiver_maker\component\Actel\DirectCore\CoreAPB3\4.1.100\rtl\vhdl\core\coreapb3_muxptob3.vhd (2023-01-12 16:12:40)
15       C:\Projects\ISISA\viltra-neu\Project-VILTRA\receiver_maker\component\Actel\DirectCore\CoreResetP\7.1.100\rtl\vhdl\core\coreresetp.vhd (2022-11-14 14:01:06)
16       C:\Projects\ISISA\viltra-neu\Project-VILTRA\receiver_maker\component\Actel\DirectCore\CoreResetP\7.1.100\rtl\vhdl\core\coreresetp_pcie_hotreset.vhd (2022-11-14 14:01:06)
17       C:\Projects\ISISA\viltra-neu\Project-VILTRA\receiver_maker\component\Actel\SgCore\OSC\2.0.101\osc_comps.vhd (2022-11-04 14:10:41)
18       C:\Projects\ISISA\viltra-neu\Project-VILTRA\receiver_maker\component\work\receiver\receiver.vhd (2023-01-31 19:06:09)
19       C:\Projects\ISISA\viltra-neu\Project-VILTRA\receiver_maker\component\work\receiver_sb\CCC_0\receiver_sb_CCC_0_FCCC.vhd (2023-01-31 19:05:39)
20       C:\Projects\ISISA\viltra-neu\Project-VILTRA\receiver_maker\component\work\receiver_sb\FABOSC_0\receiver_sb_FABOSC_0_OSC.vhd (2023-01-31 19:05:42)
21       C:\Projects\ISISA\viltra-neu\Project-VILTRA\receiver_maker\component\work\receiver_sb\receiver_sb.vhd (2023-01-31 19:05:42)
24       C:\Projects\ISISA\viltra-neu\Project-VILTRA\receiver_maker\hdl\APB_slave_vhdl.vhd (2023-01-31 18:54:40)
25       C:\Projects\ISISA\viltra-neu\Project-VILTRA\receiver_maker\hdl\display_noham.vhd (2023-02-02 14:14:57)
26       C:\Projects\ISISA\viltra-neu\Project-VILTRA\receiver_maker\hdl\trans_slave_noham.vhd (2023-01-31 18:54:40)

*******************************************************************
Unchanged modules: 36
MID:  lib.cell.view
0        coreapb3_lib.coreapb3.coreapb3_arch
1        coreapb3_lib.coreapb3.vhdl
2        coreapb3_lib.coreapb3_iaddr_reg.rtl
3        coreapb3_lib.coreapb3_iaddr_reg.vhdl
4        coreapb3_lib.coreapb3_muxptob3.coreapb3_muxptob3_arch
5        coreapb3_lib.coreapb3_muxptob3.vhdl
6        work.apb_slave_vhdl.architecture_apb_slave_vhdl
7        work.apb_slave_vhdl.vhdl
8        work.coreresetp.rtl
9        work.coreresetp.vhdl
10       work.coreresetp_pcie_hotreset.rtl
11       work.coreresetp_pcie_hotreset.vhdl
12       work.display_noham.architecture_display_noham
13       work.display_noham.vhdl
16       work.rcosc_1mhz.def_arch
17       work.rcosc_1mhz.vhdl
18       work.rcosc_1mhz_fab.def_arch
19       work.rcosc_1mhz_fab.vhdl
20       work.rcosc_25_50mhz.def_arch
21       work.rcosc_25_50mhz.vhdl
22       work.rcosc_25_50mhz_fab.def_arch
23       work.rcosc_25_50mhz_fab.vhdl
24       work.receiver.rtl
25       work.receiver.vhdl
26       work.receiver_sb.rtl
27       work.receiver_sb.vhdl
28       work.receiver_sb_ccc_0_fccc.def_arch
29       work.receiver_sb_ccc_0_fccc.vhdl
30       work.receiver_sb_fabosc_0_osc.def_arch
31       work.receiver_sb_fabosc_0_osc.vhdl
34       work.trans_slave_noham.architecture_trans_slave_noham
35       work.trans_slave_noham.vhdl
36       work.xtlosc.def_arch
37       work.xtlosc.vhdl
38       work.xtlosc_fab.def_arch
39       work.xtlosc_fab.vhdl
