
Copyright (C) 1994-2021 Synopsys, Inc.
This Synopsys software and all associated documentation are proprietary to Synopsys, Inc.
and may only be used pursuant to the terms and conditions of a written license agreement
with Synopsys, Inc. All other use, reproduction, modification, or distribution of the
Synopsys software or the associated documentation is strictly prohibited.
Tool: Synplify Pro (R)
Build: S-2021.09M-SP1
Install: C:\Microchip\Libero_SoC_v2022.2\SynplifyPro
OS: Windows 10 or later
Hostname: SURFACEPRO

Implementation : synthesis
Synopsys HDL compiler and linker, Version comp202109synp2, Build 152R, Built Jun 14 2022 11:35:28, @

Modified Files: 20
FID:  path (prevtimestamp, timestamp)
0        C:\Microchip\Libero_SoC_v2022.2\SynplifyPro\lib\generic\smartfusion2.vhd (N/A, 2022-06-23 14:48:46)
1        C:\Microchip\Libero_SoC_v2022.2\SynplifyPro\lib\vhd2008\arith.vhd (N/A, 2022-06-23 14:48:48)
2        C:\Microchip\Libero_SoC_v2022.2\SynplifyPro\lib\vhd2008\location.map (N/A, 2022-06-23 14:48:48)
3        C:\Microchip\Libero_SoC_v2022.2\SynplifyPro\lib\vhd2008\numeric.vhd (N/A, 2022-06-23 14:48:48)
4        C:\Microchip\Libero_SoC_v2022.2\SynplifyPro\lib\vhd2008\std.vhd (N/A, 2022-06-23 14:48:48)
5        C:\Microchip\Libero_SoC_v2022.2\SynplifyPro\lib\vhd2008\std1164.vhd (N/A, 2022-06-23 14:48:48)
6        C:\Microchip\Libero_SoC_v2022.2\SynplifyPro\lib\vhd2008\std_textio.vhd (N/A, 2022-06-23 14:48:48)
7        C:\Microchip\Libero_SoC_v2022.2\SynplifyPro\lib\vhd2008\unsigned.vhd (N/A, 2022-06-23 14:48:48)
8        C:\Microchip\Libero_SoC_v2022.2\SynplifyPro\lib\vhd\hyperents.vhd (N/A, 2022-06-23 14:48:48)
9        C:\Microchip\Libero_SoC_v2022.2\SynplifyPro\lib\vhd\snps_haps_pkg.vhd (N/A, 2022-06-23 14:48:48)
10       C:\Microchip\Libero_SoC_v2022.2\SynplifyPro\lib\vhd\umr_capim.vhd (N/A, 2022-06-23 14:48:48)
11       C:\Projects\ISISA\Project-VILTRA\MSS_proto\man2-transmitter\tx_pin_check\tx_pin_check\component\Actel\DirectCore\CoreResetP\7.1.100\rtl\vhdl\core\coreresetp.vhd (N/A, 2022-11-14 14:01:06)
12       C:\Projects\ISISA\Project-VILTRA\MSS_proto\man2-transmitter\tx_pin_check\tx_pin_check\component\Actel\DirectCore\CoreResetP\7.1.100\rtl\vhdl\core\coreresetp_pcie_hotreset.vhd (N/A, 2022-11-14 14:01:06)
13       C:\Projects\ISISA\Project-VILTRA\MSS_proto\man2-transmitter\tx_pin_check\tx_pin_check\component\Actel\SgCore\OSC\2.0.101\osc_comps.vhd (N/A, 2022-11-04 14:10:41)
14       C:\Projects\ISISA\Project-VILTRA\MSS_proto\man2-transmitter\tx_pin_check\tx_pin_check\component\work\tx_pin_check_sys\tx_pin_check_sys.vhd (N/A, 2023-01-14 10:24:06)
15       C:\Projects\ISISA\Project-VILTRA\MSS_proto\man2-transmitter\tx_pin_check\tx_pin_check\component\work\tx_pin_check_sys_sb\CCC_0\tx_pin_check_sys_sb_CCC_0_FCCC.vhd (N/A, 2023-01-14 10:20:18)
16       C:\Projects\ISISA\Project-VILTRA\MSS_proto\man2-transmitter\tx_pin_check\tx_pin_check\component\work\tx_pin_check_sys_sb\FABOSC_0\tx_pin_check_sys_sb_FABOSC_0_OSC.vhd (N/A, 2023-01-14 10:20:20)
17       C:\Projects\ISISA\Project-VILTRA\MSS_proto\man2-transmitter\tx_pin_check\tx_pin_check\component\work\tx_pin_check_sys_sb\tx_pin_check_sys_sb.vhd (N/A, 2023-01-14 10:20:20)
18       C:\Projects\ISISA\Project-VILTRA\MSS_proto\man2-transmitter\tx_pin_check\tx_pin_check\component\work\tx_pin_check_sys_sb_MSS\tx_pin_check_sys_sb_MSS.vhd (N/A, 2023-01-14 10:20:11)
19       C:\Projects\ISISA\Project-VILTRA\MSS_proto\man2-transmitter\tx_pin_check\tx_pin_check\component\work\tx_pin_check_sys_sb_MSS\tx_pin_check_sys_sb_MSS_syn.vhd (N/A, 2023-01-14 10:20:11)

*******************************************************************
Modules that may have changed as a result of file changes: 14
MID:  lib.cell.view
0        work.coreresetp.rtl may have changed because the following files changed:
                        C:\Projects\ISISA\Project-VILTRA\MSS_proto\man2-transmitter\tx_pin_check\tx_pin_check\component\Actel\DirectCore\CoreResetP\7.1.100\rtl\vhdl\core\coreresetp.vhd (N/A, 2022-11-14 14:01:06) <-- (architecture and entity definition)
                        C:\Projects\ISISA\Project-VILTRA\MSS_proto\man2-transmitter\tx_pin_check\tx_pin_check\component\work\tx_pin_check_sys\tx_pin_check_sys.vhd (N/A, 2023-01-14 10:24:06) <-- (may instantiate this module)
                        C:\Projects\ISISA\Project-VILTRA\MSS_proto\man2-transmitter\tx_pin_check\tx_pin_check\component\work\tx_pin_check_sys_sb\tx_pin_check_sys_sb.vhd (N/A, 2023-01-14 10:20:20) <-- (may instantiate this module)
2        work.coreresetp_pcie_hotreset.rtl may have changed because the following files changed:
                        C:\Projects\ISISA\Project-VILTRA\MSS_proto\man2-transmitter\tx_pin_check\tx_pin_check\component\Actel\DirectCore\CoreResetP\7.1.100\rtl\vhdl\core\coreresetp.vhd (N/A, 2022-11-14 14:01:06) <-- (may instantiate this module)
                        C:\Projects\ISISA\Project-VILTRA\MSS_proto\man2-transmitter\tx_pin_check\tx_pin_check\component\Actel\DirectCore\CoreResetP\7.1.100\rtl\vhdl\core\coreresetp_pcie_hotreset.vhd (N/A, 2022-11-14 14:01:06) <-- (architecture and entity definition)
                        C:\Projects\ISISA\Project-VILTRA\MSS_proto\man2-transmitter\tx_pin_check\tx_pin_check\component\work\tx_pin_check_sys\tx_pin_check_sys.vhd (N/A, 2023-01-14 10:24:06) <-- (may instantiate this module)
                        C:\Projects\ISISA\Project-VILTRA\MSS_proto\man2-transmitter\tx_pin_check\tx_pin_check\component\work\tx_pin_check_sys_sb\tx_pin_check_sys_sb.vhd (N/A, 2023-01-14 10:20:20) <-- (may instantiate this module)
4        work.mss_010.def_arch may have changed because the following files changed:
                        C:\Projects\ISISA\Project-VILTRA\MSS_proto\man2-transmitter\tx_pin_check\tx_pin_check\component\work\tx_pin_check_sys\tx_pin_check_sys.vhd (N/A, 2023-01-14 10:24:06) <-- (may instantiate this module)
                        C:\Projects\ISISA\Project-VILTRA\MSS_proto\man2-transmitter\tx_pin_check\tx_pin_check\component\work\tx_pin_check_sys_sb\tx_pin_check_sys_sb.vhd (N/A, 2023-01-14 10:20:20) <-- (may instantiate this module)
                        C:\Projects\ISISA\Project-VILTRA\MSS_proto\man2-transmitter\tx_pin_check\tx_pin_check\component\work\tx_pin_check_sys_sb_MSS\tx_pin_check_sys_sb_MSS.vhd (N/A, 2023-01-14 10:20:11) <-- (may instantiate this module)
                        C:\Projects\ISISA\Project-VILTRA\MSS_proto\man2-transmitter\tx_pin_check\tx_pin_check\component\work\tx_pin_check_sys_sb_MSS\tx_pin_check_sys_sb_MSS_syn.vhd (N/A, 2023-01-14 10:20:11) <-- (architecture and entity definition)
6        work.rcosc_1mhz.def_arch may have changed because the following files changed:
                        C:\Projects\ISISA\Project-VILTRA\MSS_proto\man2-transmitter\tx_pin_check\tx_pin_check\component\Actel\SgCore\OSC\2.0.101\osc_comps.vhd (N/A, 2022-11-04 14:10:41) <-- (architecture and entity definition)
                        C:\Projects\ISISA\Project-VILTRA\MSS_proto\man2-transmitter\tx_pin_check\tx_pin_check\component\work\tx_pin_check_sys\tx_pin_check_sys.vhd (N/A, 2023-01-14 10:24:06) <-- (may instantiate this module)
                        C:\Projects\ISISA\Project-VILTRA\MSS_proto\man2-transmitter\tx_pin_check\tx_pin_check\component\work\tx_pin_check_sys_sb\FABOSC_0\tx_pin_check_sys_sb_FABOSC_0_OSC.vhd (N/A, 2023-01-14 10:20:20) <-- (may instantiate this module)
                        C:\Projects\ISISA\Project-VILTRA\MSS_proto\man2-transmitter\tx_pin_check\tx_pin_check\component\work\tx_pin_check_sys_sb\tx_pin_check_sys_sb.vhd (N/A, 2023-01-14 10:20:20) <-- (may instantiate this module)
8        work.rcosc_1mhz_fab.def_arch may have changed because the following files changed:
                        C:\Projects\ISISA\Project-VILTRA\MSS_proto\man2-transmitter\tx_pin_check\tx_pin_check\component\Actel\SgCore\OSC\2.0.101\osc_comps.vhd (N/A, 2022-11-04 14:10:41) <-- (architecture and entity definition)
                        C:\Projects\ISISA\Project-VILTRA\MSS_proto\man2-transmitter\tx_pin_check\tx_pin_check\component\work\tx_pin_check_sys\tx_pin_check_sys.vhd (N/A, 2023-01-14 10:24:06) <-- (may instantiate this module)
                        C:\Projects\ISISA\Project-VILTRA\MSS_proto\man2-transmitter\tx_pin_check\tx_pin_check\component\work\tx_pin_check_sys_sb\FABOSC_0\tx_pin_check_sys_sb_FABOSC_0_OSC.vhd (N/A, 2023-01-14 10:20:20) <-- (may instantiate this module)
                        C:\Projects\ISISA\Project-VILTRA\MSS_proto\man2-transmitter\tx_pin_check\tx_pin_check\component\work\tx_pin_check_sys_sb\tx_pin_check_sys_sb.vhd (N/A, 2023-01-14 10:20:20) <-- (may instantiate this module)
10       work.rcosc_25_50mhz.def_arch may have changed because the following files changed:
                        C:\Projects\ISISA\Project-VILTRA\MSS_proto\man2-transmitter\tx_pin_check\tx_pin_check\component\Actel\SgCore\OSC\2.0.101\osc_comps.vhd (N/A, 2022-11-04 14:10:41) <-- (architecture and entity definition)
                        C:\Projects\ISISA\Project-VILTRA\MSS_proto\man2-transmitter\tx_pin_check\tx_pin_check\component\work\tx_pin_check_sys\tx_pin_check_sys.vhd (N/A, 2023-01-14 10:24:06) <-- (may instantiate this module)
                        C:\Projects\ISISA\Project-VILTRA\MSS_proto\man2-transmitter\tx_pin_check\tx_pin_check\component\work\tx_pin_check_sys_sb\FABOSC_0\tx_pin_check_sys_sb_FABOSC_0_OSC.vhd (N/A, 2023-01-14 10:20:20) <-- (may instantiate this module)
                        C:\Projects\ISISA\Project-VILTRA\MSS_proto\man2-transmitter\tx_pin_check\tx_pin_check\component\work\tx_pin_check_sys_sb\tx_pin_check_sys_sb.vhd (N/A, 2023-01-14 10:20:20) <-- (may instantiate this module)
12       work.rcosc_25_50mhz_fab.def_arch may have changed because the following files changed:
                        C:\Projects\ISISA\Project-VILTRA\MSS_proto\man2-transmitter\tx_pin_check\tx_pin_check\component\Actel\SgCore\OSC\2.0.101\osc_comps.vhd (N/A, 2022-11-04 14:10:41) <-- (architecture and entity definition)
                        C:\Projects\ISISA\Project-VILTRA\MSS_proto\man2-transmitter\tx_pin_check\tx_pin_check\component\work\tx_pin_check_sys\tx_pin_check_sys.vhd (N/A, 2023-01-14 10:24:06) <-- (may instantiate this module)
                        C:\Projects\ISISA\Project-VILTRA\MSS_proto\man2-transmitter\tx_pin_check\tx_pin_check\component\work\tx_pin_check_sys_sb\FABOSC_0\tx_pin_check_sys_sb_FABOSC_0_OSC.vhd (N/A, 2023-01-14 10:20:20) <-- (may instantiate this module)
                        C:\Projects\ISISA\Project-VILTRA\MSS_proto\man2-transmitter\tx_pin_check\tx_pin_check\component\work\tx_pin_check_sys_sb\tx_pin_check_sys_sb.vhd (N/A, 2023-01-14 10:20:20) <-- (may instantiate this module)
14       work.tx_pin_check_sys.rtl may have changed because the following files changed:
                        C:\Projects\ISISA\Project-VILTRA\MSS_proto\man2-transmitter\tx_pin_check\tx_pin_check\component\work\tx_pin_check_sys\tx_pin_check_sys.vhd (N/A, 2023-01-14 10:24:06) <-- (architecture and entity definition)
16       work.tx_pin_check_sys_sb.rtl may have changed because the following files changed:
                        C:\Projects\ISISA\Project-VILTRA\MSS_proto\man2-transmitter\tx_pin_check\tx_pin_check\component\work\tx_pin_check_sys\tx_pin_check_sys.vhd (N/A, 2023-01-14 10:24:06) <-- (may instantiate this module)
                        C:\Projects\ISISA\Project-VILTRA\MSS_proto\man2-transmitter\tx_pin_check\tx_pin_check\component\work\tx_pin_check_sys_sb\tx_pin_check_sys_sb.vhd (N/A, 2023-01-14 10:20:20) <-- (architecture and entity definition)
18       work.tx_pin_check_sys_sb_ccc_0_fccc.def_arch may have changed because the following files changed:
                        C:\Projects\ISISA\Project-VILTRA\MSS_proto\man2-transmitter\tx_pin_check\tx_pin_check\component\work\tx_pin_check_sys\tx_pin_check_sys.vhd (N/A, 2023-01-14 10:24:06) <-- (may instantiate this module)
                        C:\Projects\ISISA\Project-VILTRA\MSS_proto\man2-transmitter\tx_pin_check\tx_pin_check\component\work\tx_pin_check_sys_sb\CCC_0\tx_pin_check_sys_sb_CCC_0_FCCC.vhd (N/A, 2023-01-14 10:20:18) <-- (architecture and entity definition)
                        C:\Projects\ISISA\Project-VILTRA\MSS_proto\man2-transmitter\tx_pin_check\tx_pin_check\component\work\tx_pin_check_sys_sb\tx_pin_check_sys_sb.vhd (N/A, 2023-01-14 10:20:20) <-- (may instantiate this module)
20       work.tx_pin_check_sys_sb_fabosc_0_osc.def_arch may have changed because the following files changed:
                        C:\Projects\ISISA\Project-VILTRA\MSS_proto\man2-transmitter\tx_pin_check\tx_pin_check\component\work\tx_pin_check_sys\tx_pin_check_sys.vhd (N/A, 2023-01-14 10:24:06) <-- (may instantiate this module)
                        C:\Projects\ISISA\Project-VILTRA\MSS_proto\man2-transmitter\tx_pin_check\tx_pin_check\component\work\tx_pin_check_sys_sb\FABOSC_0\tx_pin_check_sys_sb_FABOSC_0_OSC.vhd (N/A, 2023-01-14 10:20:20) <-- (architecture and entity definition)
                        C:\Projects\ISISA\Project-VILTRA\MSS_proto\man2-transmitter\tx_pin_check\tx_pin_check\component\work\tx_pin_check_sys_sb\tx_pin_check_sys_sb.vhd (N/A, 2023-01-14 10:20:20) <-- (may instantiate this module)
22       work.tx_pin_check_sys_sb_mss.rtl may have changed because the following files changed:
                        C:\Projects\ISISA\Project-VILTRA\MSS_proto\man2-transmitter\tx_pin_check\tx_pin_check\component\work\tx_pin_check_sys\tx_pin_check_sys.vhd (N/A, 2023-01-14 10:24:06) <-- (may instantiate this module)
                        C:\Projects\ISISA\Project-VILTRA\MSS_proto\man2-transmitter\tx_pin_check\tx_pin_check\component\work\tx_pin_check_sys_sb\tx_pin_check_sys_sb.vhd (N/A, 2023-01-14 10:20:20) <-- (may instantiate this module)
                        C:\Projects\ISISA\Project-VILTRA\MSS_proto\man2-transmitter\tx_pin_check\tx_pin_check\component\work\tx_pin_check_sys_sb_MSS\tx_pin_check_sys_sb_MSS.vhd (N/A, 2023-01-14 10:20:11) <-- (architecture and entity definition)
24       work.xtlosc.def_arch may have changed because the following files changed:
                        C:\Projects\ISISA\Project-VILTRA\MSS_proto\man2-transmitter\tx_pin_check\tx_pin_check\component\Actel\SgCore\OSC\2.0.101\osc_comps.vhd (N/A, 2022-11-04 14:10:41) <-- (architecture and entity definition)
                        C:\Projects\ISISA\Project-VILTRA\MSS_proto\man2-transmitter\tx_pin_check\tx_pin_check\component\work\tx_pin_check_sys\tx_pin_check_sys.vhd (N/A, 2023-01-14 10:24:06) <-- (may instantiate this module)
                        C:\Projects\ISISA\Project-VILTRA\MSS_proto\man2-transmitter\tx_pin_check\tx_pin_check\component\work\tx_pin_check_sys_sb\FABOSC_0\tx_pin_check_sys_sb_FABOSC_0_OSC.vhd (N/A, 2023-01-14 10:20:20) <-- (may instantiate this module)
                        C:\Projects\ISISA\Project-VILTRA\MSS_proto\man2-transmitter\tx_pin_check\tx_pin_check\component\work\tx_pin_check_sys_sb\tx_pin_check_sys_sb.vhd (N/A, 2023-01-14 10:20:20) <-- (may instantiate this module)
26       work.xtlosc_fab.def_arch may have changed because the following files changed:
                        C:\Projects\ISISA\Project-VILTRA\MSS_proto\man2-transmitter\tx_pin_check\tx_pin_check\component\Actel\SgCore\OSC\2.0.101\osc_comps.vhd (N/A, 2022-11-04 14:10:41) <-- (architecture and entity definition)
                        C:\Projects\ISISA\Project-VILTRA\MSS_proto\man2-transmitter\tx_pin_check\tx_pin_check\component\work\tx_pin_check_sys\tx_pin_check_sys.vhd (N/A, 2023-01-14 10:24:06) <-- (may instantiate this module)
                        C:\Projects\ISISA\Project-VILTRA\MSS_proto\man2-transmitter\tx_pin_check\tx_pin_check\component\work\tx_pin_check_sys_sb\FABOSC_0\tx_pin_check_sys_sb_FABOSC_0_OSC.vhd (N/A, 2023-01-14 10:20:20) <-- (may instantiate this module)
                        C:\Projects\ISISA\Project-VILTRA\MSS_proto\man2-transmitter\tx_pin_check\tx_pin_check\component\work\tx_pin_check_sys_sb\tx_pin_check_sys_sb.vhd (N/A, 2023-01-14 10:20:20) <-- (may instantiate this module)

*******************************************************************
Unmodified files: 0
FID:  path (timestamp)

*******************************************************************
Unchanged modules: 0
MID:  lib.cell.view
