Resource Report
Microchip Technology Inc. - Microchip Libero Software Release v2022.2 (Version 2022.2.0.10)
Date: Tue Feb 14 19:02:51 2023

Device Selection
+--------------------------------+----------------+
| Family                         | SmartFusion2   |
| Device                         | M2S010         |
| Package                        | 144 TQ         |
| Speed Grade                    | STD            |
| Temp                           | 0:25:85        |
| Voltage                        | 1.26:1.20:1.14 |
| Core Voltage                   | 1.2V           |
| Ramp Rate                      | 100ms Minimum  |
| System Controller Suspend Mode | No             |
| PLL Supply Voltage             | 2.5V           |
| Default I/O technology         | LVCMOS 2.5V    |
| Restrict Probe Pins            | Yes            |
| Restrict SPI Pins              | No             |
+--------------------------------+----------------+

Source Files
+---------+---------------------------------------------------------------------------------------------------------------+
| Topcell | receiver_with_ham                                                                                             |
| Format  | Verilog                                                                                                       |
| Source  | C:\Users\user\Documents\ISISA\optical_transmission\Project-VILTRA\receiver_ham\synthesis\receiver_with_ham.vm |
+---------+---------------------------------------------------------------------------------------------------------------+

Options
+----------------------------------------------------+-------+
| Enable Single Event Transient mitigation           | false |
| Enable Design Separation Methodology               | false |
| Limit the number of high fanout nets to display to | 10    |
+----------------------------------------------------+-------+

Resource Usage
+---------------------------+------+-------+------------+
| Type                      | Used | Total | Percentage |
+---------------------------+------+-------+------------+
| 4LUT                      | 492  | 12084 | 4.07       |
| DFF                       | 213  | 12084 | 1.76       |
| I/O Register              | 0    | 252   | 0.00       |
| User I/O                  | 11   | 84    | 13.10      |
| -- Single-ended I/O       | 11   | 84    | 13.10      |
| -- Differential I/O Pairs | 0    | 37    | 0.00       |
| RAM64x18                  | 2    | 22    | 9.09       |
| RAM1K18                   | 0    | 21    | 0.00       |
| MACC                      | 0    | 22    | 0.00       |
| Chip Globals              | 2    | 8     | 25.00      |
| CCC                       | 1    | 2     | 50.00      |
| RCOSC_25_50MHZ            | 1    | 1     | 100.00     |
| RCOSC_1MHZ                | 0    | 1     | 0.00       |
| XTLOSC                    | 0    | 1     | 0.00       |
| MSS                       | 1    | 1     | 100.00     |
+---------------------------+------+-------+------------+

Detailed Logic Resource Usage
+--------------------------+------+-----+
| Type                     | 4LUT | DFF |
+--------------------------+------+-----+
| Fabric Logic             | 420  | 141 |
| RAM64x18 Interface Logic | 72   | 72  |
| RAM1K18 Interface Logic  | 0    | 0   |
| MACC Interface Logic     | 0    | 0   |
| Total Used               | 492  | 213 |
+--------------------------+------+-----+

MSS Resource Usage
+---------------+------+-------+
| Type          | Used | Total |
+---------------+------+-------+
| Cortex-M3*    | 1    | 1     |
| eNVM (256KB)* | 1    | 1     |
| eSRAM*        | 2    | 2     |
| TIMER*        | 2    | 2     |
| CAN           | 0    | 1     |
| SPI           | 0    | 2     |
| I2C           | 0    | 2     |
| UART          | 0    | 2     |
| USB           | 0    | 1     |
| MAC           | 0    | 1     |
| MDDR          | 0    | 1     |
| HPDMA         | 1    | 1     |
| PDMA          | 1    | 1     |
+---------------+------+-------+

* These resources are always marked as used when you are using the MSS

I/O Function
+-------------------------------+--------------+-------------+-----------------+
| Type                          | w/o register | w/ register | w/ DDR register |
+-------------------------------+--------------+-------------+-----------------+
| Input I/O                     | 1            | 0           | 0               |
| Output I/O                    | 10           | 0           | 0               |
| Bidirectional I/O             | 0            | 0           | 0               |
| Differential Input I/O Pairs  | 0            | 0           | 0               |
| Differential Output I/O Pairs | 0            | 0           | 0               |
+-------------------------------+--------------+-------------+-----------------+

I/O Technology
+--------------+--------+------+-------+--------+---------------+
| I/O Standard | Vddi   | Vref | Input | Output | Bidirectional |
+--------------+--------+------+-------+--------+---------------+
| LVCMOS25     |  2.50v |  N/A |  1    |  10    |  0            |
+--------------+--------+------+-------+--------+---------------+

Nets assigned to chip global resources
+--------+---------+------------------------------------------------------------------------------------+
| Fanout | Type    | Name                                                                               |
+--------+---------+------------------------------------------------------------------------------------+
| 144    | INT_NET | Net   : receiver_with_ham_sb_0/FIC_0_CLK                                           |
|        |         | Driver: receiver_with_ham_sb_0/CCC_0/GL0_INST/U0_RGB1                              |
|        |         | Source: NETLIST                                                                    |
| 99     | INT_NET | Net   : receiver_with_ham_sb_0/MSS_HPMS_READY_int_arst                             |
|        |         | Driver: receiver_with_ham_sb_0/CORERESETP_0/MSS_HPMS_READY_int_rep_RNITUV1/U0_RGB1 |
|        |         | Source: NETLIST                                                                    |
+--------+---------+------------------------------------------------------------------------------------+

Nets assigned to row global resources
+--------+------+------+
| Fanout | Type | Name |
+--------+------+------+
+--------+------+------+

High fanout nets
+--------+---------+------------------------------------------------------------------------------+
| Fanout | Type    | Name                                                                         |
+--------+---------+------------------------------------------------------------------------------+
| 79     | INT_NET | Net   : receiver_with_ham_sb_0/CoreAPB3_0_APBmslave0_PADDR[5]                |
|        |         | Driver: receiver_with_ham_sb_0/receiver_with_ham_sb_MSS_0/MSS_ADLIB_INST     |
| 70     | INT_NET | Net   : receiver_with_ham_sb_0/CoreAPB3_0_APBmslave0_PADDR[3]                |
|        |         | Driver: receiver_with_ham_sb_0/receiver_with_ham_sb_MSS_0/MSS_ADLIB_INST     |
| 66     | INT_NET | Net   : receiver_with_ham_sb_0/CoreAPB3_0_APBmslave0_PADDR[2]                |
|        |         | Driver: receiver_with_ham_sb_0/receiver_with_ham_sb_MSS_0/MSS_ADLIB_INST     |
| 63     | INT_NET | Net   : receiver_with_ham_sb_0/CoreAPB3_0_APBmslave0_PADDR[4]                |
|        |         | Driver: receiver_with_ham_sb_0/receiver_with_ham_sb_MSS_0/MSS_ADLIB_INST     |
| 63     | INT_NET | Net   : receiver_with_ham_sb_0/CoreAPB3_0_APBmslave0_PADDR[1]                |
|        |         | Driver: receiver_with_ham_sb_0/receiver_with_ham_sb_MSS_0/MSS_ADLIB_INST     |
| 60     | INT_NET | Net   : receiver_with_ham_sb_0/CoreAPB3_0_APBmslave0_PADDR[0]                |
|        |         | Driver: receiver_with_ham_sb_0/receiver_with_ham_sb_MSS_0/MSS_ADLIB_INST     |
| 42     | INT_NET | Net   : receiver_with_ham_sb_0/CoreAPB3_0_APBmslave0_PWRITE                  |
|        |         | Driver: receiver_with_ham_sb_0/receiver_with_ham_sb_MSS_0/MSS_ADLIB_INST     |
| 40     | INT_NET | Net   : receiver_with_ham_sb_0/CoreAPB3_0_APBmslave0_PSELx                   |
|        |         | Driver: receiver_with_ham_sb_0/CoreAPB3_0/iPSELS_raw[0]                      |
| 32     | INT_NET | Net   : receiver_with_ham_sb_0/receiver_slave_vhdl_0/APB/prdata_v_1_sqmuxa_Z |
|        |         | Driver: receiver_with_ham_sb_0/receiver_slave_vhdl_0/APB/prdata_v_1_sqmuxa   |
| 27     | INT_NET | Net   : receiver_with_ham_sb_0/receiver_slave_vhdl_0/APB/RD_EN_3_Z           |
|        |         | Driver: receiver_with_ham_sb_0/receiver_slave_vhdl_0/APB/RD_EN_3             |
+--------+---------+------------------------------------------------------------------------------+

High fanout nets (through buffer trees)
+--------+---------+------------------------------------------------------------------------------+
| Fanout | Type    | Name                                                                         |
+--------+---------+------------------------------------------------------------------------------+
| 79     | INT_NET | Net   : receiver_with_ham_sb_0/CoreAPB3_0_APBmslave0_PADDR[5]                |
|        |         | Driver: receiver_with_ham_sb_0/receiver_with_ham_sb_MSS_0/MSS_ADLIB_INST     |
| 70     | INT_NET | Net   : receiver_with_ham_sb_0/CoreAPB3_0_APBmslave0_PADDR[3]                |
|        |         | Driver: receiver_with_ham_sb_0/receiver_with_ham_sb_MSS_0/MSS_ADLIB_INST     |
| 66     | INT_NET | Net   : receiver_with_ham_sb_0/CoreAPB3_0_APBmslave0_PADDR[2]                |
|        |         | Driver: receiver_with_ham_sb_0/receiver_with_ham_sb_MSS_0/MSS_ADLIB_INST     |
| 63     | INT_NET | Net   : receiver_with_ham_sb_0/CoreAPB3_0_APBmslave0_PADDR[4]                |
|        |         | Driver: receiver_with_ham_sb_0/receiver_with_ham_sb_MSS_0/MSS_ADLIB_INST     |
| 63     | INT_NET | Net   : receiver_with_ham_sb_0/CoreAPB3_0_APBmslave0_PADDR[1]                |
|        |         | Driver: receiver_with_ham_sb_0/receiver_with_ham_sb_MSS_0/MSS_ADLIB_INST     |
| 60     | INT_NET | Net   : receiver_with_ham_sb_0/CoreAPB3_0_APBmslave0_PADDR[0]                |
|        |         | Driver: receiver_with_ham_sb_0/receiver_with_ham_sb_MSS_0/MSS_ADLIB_INST     |
| 42     | INT_NET | Net   : receiver_with_ham_sb_0/CoreAPB3_0_APBmslave0_PWRITE                  |
|        |         | Driver: receiver_with_ham_sb_0/receiver_with_ham_sb_MSS_0/MSS_ADLIB_INST     |
| 40     | INT_NET | Net   : receiver_with_ham_sb_0/CoreAPB3_0_APBmslave0_PSELx                   |
|        |         | Driver: receiver_with_ham_sb_0/CoreAPB3_0/iPSELS_raw[0]                      |
| 32     | INT_NET | Net   : receiver_with_ham_sb_0/receiver_slave_vhdl_0/APB/prdata_v_1_sqmuxa_Z |
|        |         | Driver: receiver_with_ham_sb_0/receiver_slave_vhdl_0/APB/prdata_v_1_sqmuxa   |
| 27     | INT_NET | Net   : receiver_with_ham_sb_0/receiver_slave_vhdl_0/APB/RD_EN_3_Z           |
|        |         | Driver: receiver_with_ham_sb_0/receiver_slave_vhdl_0/APB/RD_EN_3             |
+--------+---------+------------------------------------------------------------------------------+

