Resource Usage Report for decode_ham 

Mapping to part: m2s010vf400std
Cell usage:
CLKINT          1 use
CFG2           9 uses
CFG3           19 uses
CFG4           45 uses


Sequential Cells: 
SLE            32 uses

DSP Blocks:    0 of 22 (0%)

I/O ports: 21
I/O primitives: 21
INBUF          11 uses
OUTBUF         10 uses


Global Clock Buffers: 1

Total LUTs:    73

Extra resources required for RAM and MACC interface logic during P&R:

RAM64x18 Interface Logic : SLEs = 0; LUTs = 0;
RAM1K18  Interface Logic : SLEs = 0; LUTs = 0;
MACC     Interface Logic : SLEs = 0; LUTs = 0;

Total number of SLEs after P&R:  32 + 0 + 0 + 0 = 32;
Total number of LUTs after P&R:  73 + 0 + 0 + 0 = 73;

