Resource Usage Report for receiver_with_ham 

Mapping to part: m2s010vf400std
Cell usage:
CCC             1 use
CLKINT          2 uses
MSS_010         1 use
RCOSC_25_50MHZ  1 use
SYSRESET        1 use
CFG2           89 uses
CFG3           66 uses
CFG4           265 uses


Sequential Cells: 
SLE            141 uses

DSP Blocks:    0 of 22 (0%)

I/O ports: 12
I/O primitives: 11
INBUF          1 use
OUTBUF         10 uses


Global Clock Buffers: 2

Total LUTs:    420

Extra resources required for RAM and MACC interface logic during P&R:

RAM64x18 Interface Logic : SLEs = 72; LUTs = 72;
RAM1K18  Interface Logic : SLEs = 0; LUTs = 0;
MACC     Interface Logic : SLEs = 0; LUTs = 0;

Total number of SLEs after P&R:  141 + 72 + 0 + 0 = 213;
Total number of LUTs after P&R:  420 + 72 + 0 + 0 = 492;

