
Copyright (C) 1994-2021 Synopsys, Inc.
This Synopsys software and all associated documentation are proprietary to Synopsys, Inc.
and may only be used pursuant to the terms and conditions of a written license agreement
with Synopsys, Inc. All other use, reproduction, modification, or distribution of the
Synopsys software or the associated documentation is strictly prohibited.
Tool: Synplify Pro (R)
Build: S-2021.09M-SP1
Install: C:\Microchip\Libero_SoC_v2022.2\SynplifyPro
OS: Windows 6.2

Hostname: SURFACEPRO

Implementation : synthesis

# Written on Sun Jan 15 16:40:49 2023

##### DESIGN INFO #######################################################

Top View:                "mss_proto_rx"
Constraint File(s):      "C:\Projects\ISISA\Project-VILTRA\MSS_proto\receiver\mss_proto_rx\designer\mss_proto_rx\synthesis.fdc"




##### SUMMARY ############################################################

Found 0 issues in 0 out of 0 constraints


##### DETAILS ############################################################



Clock Relationships
*******************

Starting                                              Ending                                                |     rise to rise     |     fall to fall     |     rise to fall     |     fall to rise                     
-----------------------------------------------------------------------------------------------------------------------------------------------------------------------------------------------------------------------
System                                                System                                                |     10.000           |     No paths         |     No paths         |     No paths                         
mss_proto_rx_sb_CCC_0_FCCC|GL0_net_inferred_clock     mss_proto_rx_sb_CCC_0_FCCC|GL0_net_inferred_clock     |     10.000           |     No paths         |     No paths         |     No paths                         
=======================================================================================================================================================================================================================
 Note: 'No paths' indicates there are no paths in the design for that pair of clock edges.
       'Diff grp' indicates that paths exist but the starting clock and ending clock are in different clock groups.


Unconstrained Start/End Points
******************************

p:DEVRST_N
p:GPIO_0_M2F
p:GPIO_1_M2F
p:GPIO_2_M2F
p:GPIO_3_M2F
p:GPIO_4_M2F
p:GPIO_5_M2F
p:GPIO_6_M2F
p:GPIO_7_M2F
p:GPIO_8_F2M
p:GPIO_9_F2M


Inapplicable constraints
************************

(none)


Applicable constraints with issues
**********************************

(none)


Constraints with matching wildcard expressions
**********************************************

(none)


Library Report
**************


# End of Constraint Checker Report
