
                               Synplify Pro (R) 

                Version S-2021.09M-SP1 for win64 - Jun 14, 2022 

                    Copyright (c) 1988 - 2022 Synopsys, Inc.
   This software and the associated documentation are proprietary to Synopsys,
 Inc. This software may only be used in accordance with the terms and conditions
 of a written license agreement with Synopsys, Inc. All other use, reproduction,
   or distribution of this software is strictly prohibited.  Licensed Products
     communicate with Synopsys servers for the purpose of providing software
    updates, detecting software piracy and verifying that customers are using
    Licensed Products in conformity with the applicable License Key for such
  Licensed Products. Synopsys will use information gathered in connection with
    this process to deliver software updates and pursue software pirates and
                                   infringers.

 Inclusivity & Diversity - Visit SolvNetPlus to read the "Synopsys Statement on
            Inclusivity and Diversity" (Refer to article 000036315 at
                        https://solvnetplus.synopsys.com)

Starting:    C:\Microchip\Libero_SoC_v2022.2\SynplifyPro\bin64\mbin\synbatch.exe
Install:     C:\Microchip\Libero_SoC_v2022.2\SynplifyPro
Hostname:    SURFACEPRO
Date:        Sun Jan 15 16:40:40 2023
Version:     S-2021.09M-SP1

Arguments:   -product synplify_pro -licensetype synplifypro_actel -batch -log synplify.log mss_proto_rx_syn.tcl
ProductType: synplify_pro

License checkout: synplifypro_actel
License: synplifypro_actel node-locked 
Licensed Vendor: actel
License Option: actel_oem

Running in Vendor Mode

"automatic_compile_point" is unrecognized option for current device
Implementation not found: synthesis
log file: "C:\Projects\ISISA\Project-VILTRA\MSS_proto\receiver\mss_proto_rx\synthesis\mss_proto_rx.srr"
Running: synthesis in foreground

Running mss_proto_rx_syn|synthesis

Running Flow: compile (Compile) on mss_proto_rx_syn|synthesis
# Sun Jan 15 16:40:41 2023

Running Flow: compile_flow (Compile Process) on mss_proto_rx_syn|synthesis
# Sun Jan 15 16:40:41 2023

Running: compiler (Compile Input) on mss_proto_rx_syn|synthesis
# Sun Jan 15 16:40:41 2023
Copied C:\Projects\ISISA\Project-VILTRA\MSS_proto\receiver\mss_proto_rx\synthesis\synwork\mss_proto_rx_comp.srs to C:\Projects\ISISA\Project-VILTRA\MSS_proto\receiver\mss_proto_rx\synthesis\mss_proto_rx.srs

compiler completed
# Sun Jan 15 16:40:47 2023

Return Code: 0
Run Time:00h:00m:06s

Running: multi_srs_gen (Multi-srs Generator) on mss_proto_rx_syn|synthesis
# Sun Jan 15 16:40:47 2023

multi_srs_gen completed
# Sun Jan 15 16:40:47 2023

Return Code: 0
Run Time:00h:00m:00s
Copied C:\Projects\ISISA\Project-VILTRA\MSS_proto\receiver\mss_proto_rx\synthesis\synwork\mss_proto_rx_mult.srs to C:\Projects\ISISA\Project-VILTRA\MSS_proto\receiver\mss_proto_rx\synthesis\mss_proto_rx.srs
Complete: Compile Process on mss_proto_rx_syn|synthesis

Running: premap (Premap) on mss_proto_rx_syn|synthesis
# Sun Jan 15 16:40:47 2023

premap completed with warnings
# Sun Jan 15 16:40:49 2023

Return Code: 1
Run Time:00h:00m:02s
Complete: Compile on mss_proto_rx_syn|synthesis

Running Flow: map (Map) on mss_proto_rx_syn|synthesis
# Sun Jan 15 16:40:49 2023
License granted for 4 parallel jobs

Running: fpga_mapper (Map & Optimize) on mss_proto_rx_syn|synthesis
# Sun Jan 15 16:40:49 2023
Copied C:\Projects\ISISA\Project-VILTRA\MSS_proto\receiver\mss_proto_rx\synthesis\synwork\mss_proto_rx_m.srm to C:\Projects\ISISA\Project-VILTRA\MSS_proto\receiver\mss_proto_rx\synthesis\mss_proto_rx.srm

fpga_mapper completed with warnings
# Sun Jan 15 16:40:55 2023

Return Code: 1
Run Time:00h:00m:06s
Complete: Map on mss_proto_rx_syn|synthesis
Complete: Logic Synthesis on mss_proto_rx_syn|synthesis
Copied C:\Projects\ISISA\Project-VILTRA\MSS_proto\receiver\mss_proto_rx\synthesis\mss_proto_rx.srr to C:\Projects\ISISA\Project-VILTRA\MSS_proto\receiver\mss_proto_rx\synthesis\backup\mss_proto_rx.srr
TCL script complete: "mss_proto_rx_syn.tcl"
exit status=0
exit status=0
License checkin: synplifypro_actel
