Resource Report
Microchip Technology Inc. - Microchip Libero Software Release v2022.2 (Version 2022.2.0.10)
Date: Fri Feb  3 11:14:23 2023

Device Selection
+--------------------------------+----------------+
| Family                         | SmartFusion2   |
| Device                         | M2S010         |
| Package                        | 144 TQ         |
| Speed Grade                    | STD            |
| Temp                           | 0:25:85        |
| Voltage                        | 1.26:1.20:1.14 |
| Core Voltage                   | 1.2V           |
| Ramp Rate                      | 100ms Minimum  |
| System Controller Suspend Mode | No             |
| PLL Supply Voltage             | 2.5V           |
| Default I/O technology         | LVCMOS 2.5V    |
| Restrict Probe Pins            | Yes            |
| Restrict SPI Pins              | No             |
+--------------------------------+----------------+

Source Files
+---------+-----------------------------------------------------------------------------------------+
| Topcell | decode_ham                                                                              |
| Format  | Verilog                                                                                 |
| Source  | C:\Users\user\Documents\ISISA\optical_transmission\receiver_ham\synthesis\decode_ham.vm |
+---------+-----------------------------------------------------------------------------------------+

Options
+----------------------------------------------------+-------+
| Enable Single Event Transient mitigation           | false |
| Enable Design Separation Methodology               | false |
| Limit the number of high fanout nets to display to | 10    |
+----------------------------------------------------+-------+

Resource Usage
+---------------------------+------+-------+------------+
| Type                      | Used | Total | Percentage |
+---------------------------+------+-------+------------+
| 4LUT                      | 73   | 12084 | 0.60       |
| DFF                       | 32   | 12084 | 0.26       |
| I/O Register              | 0    | 252   | 0.00       |
| User I/O                  | 21   | 84    | 25.00      |
| -- Single-ended I/O       | 21   | 84    | 25.00      |
| -- Differential I/O Pairs | 0    | 37    | 0.00       |
| RAM64x18                  | 0    | 22    | 0.00       |
| RAM1K18                   | 0    | 21    | 0.00       |
| MACC                      | 0    | 22    | 0.00       |
| Chip Globals              | 1    | 8     | 12.50      |
| CCC                       | 0    | 2     | 0.00       |
| RCOSC_25_50MHZ            | 0    | 1     | 0.00       |
| RCOSC_1MHZ                | 0    | 1     | 0.00       |
| XTLOSC                    | 0    | 1     | 0.00       |
| MSS                       | 0    | 1     | 0.00       |
+---------------------------+------+-------+------------+

Detailed Logic Resource Usage
+--------------------------+------+-----+
| Type                     | 4LUT | DFF |
+--------------------------+------+-----+
| Fabric Logic             | 73   | 32  |
| RAM64x18 Interface Logic | 0    | 0   |
| RAM1K18 Interface Logic  | 0    | 0   |
| MACC Interface Logic     | 0    | 0   |
| Total Used               | 73   | 32  |
+--------------------------+------+-----+

I/O Function
+-------------------------------+--------------+-------------+-----------------+
| Type                          | w/o register | w/ register | w/ DDR register |
+-------------------------------+--------------+-------------+-----------------+
| Input I/O                     | 11           | 0           | 0               |
| Output I/O                    | 10           | 0           | 0               |
| Bidirectional I/O             | 0            | 0           | 0               |
| Differential Input I/O Pairs  | 0            | 0           | 0               |
| Differential Output I/O Pairs | 0            | 0           | 0               |
+-------------------------------+--------------+-------------+-----------------+

I/O Technology
+--------------+--------+------+-------+--------+---------------+
| I/O Standard | Vddi   | Vref | Input | Output | Bidirectional |
+--------------+--------+------+-------+--------+---------------+
| LVCMOS25     |  2.50v |  N/A |  11   |  10    |  0            |
+--------------+--------+------+-------+--------+---------------+

Nets assigned to chip global resources
+--------+---------+----------------------------------+
| Fanout | Type    | Name                             |
+--------+---------+----------------------------------+
| 32     | INT_NET | Net   : clk_c                    |
|        |         | Driver: clk_ibuf_RNIVTI2/U0_RGB1 |
|        |         | Source: NETLIST                  |
+--------+---------+----------------------------------+

Nets assigned to row global resources
+--------+------+------+
| Fanout | Type | Name |
+--------+------+------+
+--------+------+------+

High fanout nets
+--------+---------+-------------------------------+
| Fanout | Type    | Name                          |
+--------+---------+-------------------------------+
| 20     | INT_NET | Net   : decoded_Z[2]          |
|        |         | Driver: decoded[2]            |
| 20     | INT_NET | Net   : reset_c               |
|        |         | Driver: reset_ibuf            |
| 18     | INT_NET | Net   : decoded_Z[3]          |
|        |         | Driver: decoded[3]            |
| 18     | INT_NET | Net   : decoded_Z[1]          |
|        |         | Driver: decoded[1]            |
| 16     | INT_NET | Net   : decoded_Z[0]          |
|        |         | Driver: decoded[0]            |
| 10     | INT_NET | Net   : disp.leds77_Z         |
|        |         | Driver: disp.leds77           |
| 9      | INT_NET | Net   : un1_LEDs_0_sqmuxa_4_Z |
|        |         | Driver: un1_LEDs_0_sqmuxa_4   |
| 9      | INT_NET | Net   : un1_LEDs_0_sqmuxa_5_Z |
|        |         | Driver: un1_LEDs_0_sqmuxa_5   |
| 8      | INT_NET | Net   : dec.un4_rd_int        |
|        |         | Driver: dffr2_RNIFV5I         |
| 8      | INT_NET | Net   : LED_detect_0_sqmuxa   |
|        |         | Driver: reset_ibuf_RNIEIVR1   |
+--------+---------+-------------------------------+

High fanout nets (through buffer trees)
+--------+---------+-------------------------------+
| Fanout | Type    | Name                          |
+--------+---------+-------------------------------+
| 20     | INT_NET | Net   : decoded_Z[2]          |
|        |         | Driver: decoded[2]            |
| 20     | INT_NET | Net   : reset_c               |
|        |         | Driver: reset_ibuf            |
| 18     | INT_NET | Net   : decoded_Z[3]          |
|        |         | Driver: decoded[3]            |
| 18     | INT_NET | Net   : decoded_Z[1]          |
|        |         | Driver: decoded[1]            |
| 16     | INT_NET | Net   : decoded_Z[0]          |
|        |         | Driver: decoded[0]            |
| 10     | INT_NET | Net   : disp.leds77_Z         |
|        |         | Driver: disp.leds77           |
| 9      | INT_NET | Net   : un1_LEDs_0_sqmuxa_4_Z |
|        |         | Driver: un1_LEDs_0_sqmuxa_4   |
| 9      | INT_NET | Net   : un1_LEDs_0_sqmuxa_5_Z |
|        |         | Driver: un1_LEDs_0_sqmuxa_5   |
| 8      | INT_NET | Net   : dec.un4_rd_int        |
|        |         | Driver: dffr2_RNIFV5I         |
| 8      | INT_NET | Net   : LED_detect_0_sqmuxa   |
|        |         | Driver: reset_ibuf_RNIEIVR1   |
+--------+---------+-------------------------------+

