
Copyright (C) 1994-2021 Synopsys, Inc.
This Synopsys software and all associated documentation are proprietary to Synopsys, Inc.
and may only be used pursuant to the terms and conditions of a written license agreement
with Synopsys, Inc. All other use, reproduction, modification, or distribution of the
Synopsys software or the associated documentation is strictly prohibited.
Tool: Synplify Pro (R)
Build: S-2021.09M-SP1
Install: C:\Microchip\Libero_SoC_v2022.2\fpga_S-2021.09M-SP1
OS: Windows 10 or later
Hostname: ACER

Implementation : synthesis
Synopsys HDL compiler and linker, Version comp202109synp2, Build 152R, Built Jun 14 2022 11:35:28, @

Modified Files: 24
FID:  path (prevtimestamp, timestamp)
0        C:\Microchip\Libero_SoC_v2022.2\fpga_S-2021.09M-SP1\lib\generic\smartfusion2.vhd (N/A, 2022-06-14 22:20:56)
1        C:\Microchip\Libero_SoC_v2022.2\fpga_S-2021.09M-SP1\lib\vhd2008\arith.vhd (N/A, 2022-06-14 20:10:00)
2        C:\Microchip\Libero_SoC_v2022.2\fpga_S-2021.09M-SP1\lib\vhd2008\location.map (N/A, 2022-06-14 20:10:00)
3        C:\Microchip\Libero_SoC_v2022.2\fpga_S-2021.09M-SP1\lib\vhd2008\numeric.vhd (N/A, 2022-06-14 20:47:12)
4        C:\Microchip\Libero_SoC_v2022.2\fpga_S-2021.09M-SP1\lib\vhd2008\std.vhd (N/A, 2022-06-14 20:10:58)
5        C:\Microchip\Libero_SoC_v2022.2\fpga_S-2021.09M-SP1\lib\vhd2008\std1164.vhd (N/A, 2022-06-14 20:10:00)
6        C:\Microchip\Libero_SoC_v2022.2\fpga_S-2021.09M-SP1\lib\vhd2008\std_textio.vhd (N/A, 2022-06-14 20:10:00)
7        C:\Microchip\Libero_SoC_v2022.2\fpga_S-2021.09M-SP1\lib\vhd2008\unsigned.vhd (N/A, 2022-06-14 20:10:00)
8        C:\Microchip\Libero_SoC_v2022.2\fpga_S-2021.09M-SP1\lib\vhd\hyperents.vhd (N/A, 2022-06-14 20:09:58)
9        C:\Microchip\Libero_SoC_v2022.2\fpga_S-2021.09M-SP1\lib\vhd\snps_haps_pkg.vhd (N/A, 2022-06-14 20:09:58)
10       C:\Microchip\Libero_SoC_v2022.2\fpga_S-2021.09M-SP1\lib\vhd\umr_capim.vhd (N/A, 2022-06-14 20:09:58)
11       C:\Users\user\Documents\ISISA\optical_transmission\transmitter_maker\component\Actel\DirectCore\CoreAPB3\4.1.100\rtl\vhdl\core\components.vhd (N/A, 2022-12-16 09:47:52)
12       C:\Users\user\Documents\ISISA\optical_transmission\transmitter_maker\component\Actel\DirectCore\CoreAPB3\4.1.100\rtl\vhdl\core\coreapb3.vhd (N/A, 2022-12-16 09:47:52)
13       C:\Users\user\Documents\ISISA\optical_transmission\transmitter_maker\component\Actel\DirectCore\CoreAPB3\4.1.100\rtl\vhdl\core\coreapb3_iaddr_reg.vhd (N/A, 2022-12-16 09:47:52)
14       C:\Users\user\Documents\ISISA\optical_transmission\transmitter_maker\component\Actel\DirectCore\CoreAPB3\4.1.100\rtl\vhdl\core\coreapb3_muxptob3.vhd (N/A, 2022-12-16 09:47:52)
15       C:\Users\user\Documents\ISISA\optical_transmission\transmitter_maker\component\Actel\DirectCore\CoreResetP\7.1.100\rtl\vhdl\core\coreresetp.vhd (N/A, 2022-11-25 14:44:49)
16       C:\Users\user\Documents\ISISA\optical_transmission\transmitter_maker\component\Actel\DirectCore\CoreResetP\7.1.100\rtl\vhdl\core\coreresetp_pcie_hotreset.vhd (N/A, 2022-11-25 14:44:49)
17       C:\Users\user\Documents\ISISA\optical_transmission\transmitter_maker\component\Actel\SgCore\OSC\2.0.101\osc_comps.vhd (N/A, 2022-11-11 12:08:27)
18       C:\Users\user\Documents\ISISA\optical_transmission\transmitter_maker\component\work\transmitter\transmitter.vhd (N/A, 2023-01-07 23:57:59)
19       C:\Users\user\Documents\ISISA\optical_transmission\transmitter_maker\component\work\transmitter_sb\CCC_0\transmitter_sb_CCC_0_FCCC.vhd (N/A, 2023-01-07 23:55:46)
20       C:\Users\user\Documents\ISISA\optical_transmission\transmitter_maker\component\work\transmitter_sb\FABOSC_0\transmitter_sb_FABOSC_0_OSC.vhd (N/A, 2023-01-07 23:55:49)
21       C:\Users\user\Documents\ISISA\optical_transmission\transmitter_maker\component\work\transmitter_sb\transmitter_sb.vhd (N/A, 2023-01-07 23:55:49)
22       C:\Users\user\Documents\ISISA\optical_transmission\transmitter_maker\component\work\transmitter_sb_MSS\transmitter_sb_MSS.vhd (N/A, 2023-01-07 23:43:17)
23       C:\Users\user\Documents\ISISA\optical_transmission\transmitter_maker\component\work\transmitter_sb_MSS\transmitter_sb_MSS_syn.vhd (N/A, 2023-01-07 23:43:16)

*******************************************************************
Modules that may have changed as a result of file changes: 17
MID:  lib.cell.view
0        coreapb3_lib.coreapb3.coreapb3_arch may have changed because the following files changed:
                        C:\Users\user\Documents\ISISA\optical_transmission\transmitter_maker\component\Actel\DirectCore\CoreAPB3\4.1.100\rtl\vhdl\core\coreapb3.vhd (N/A, 2022-12-16 09:47:52) <-- (architecture and entity definition)
                        C:\Users\user\Documents\ISISA\optical_transmission\transmitter_maker\component\work\transmitter\transmitter.vhd (N/A, 2023-01-07 23:57:59) <-- (may instantiate this module)
                        C:\Users\user\Documents\ISISA\optical_transmission\transmitter_maker\component\work\transmitter_sb\transmitter_sb.vhd (N/A, 2023-01-07 23:55:49) <-- (may instantiate this module)
2        coreapb3_lib.coreapb3_iaddr_reg.rtl may have changed because the following files changed:
                        C:\Users\user\Documents\ISISA\optical_transmission\transmitter_maker\component\Actel\DirectCore\CoreAPB3\4.1.100\rtl\vhdl\core\coreapb3.vhd (N/A, 2022-12-16 09:47:52) <-- (may instantiate this module)
                        C:\Users\user\Documents\ISISA\optical_transmission\transmitter_maker\component\Actel\DirectCore\CoreAPB3\4.1.100\rtl\vhdl\core\coreapb3_iaddr_reg.vhd (N/A, 2022-12-16 09:47:52) <-- (architecture and entity definition)
                        C:\Users\user\Documents\ISISA\optical_transmission\transmitter_maker\component\work\transmitter\transmitter.vhd (N/A, 2023-01-07 23:57:59) <-- (may instantiate this module)
                        C:\Users\user\Documents\ISISA\optical_transmission\transmitter_maker\component\work\transmitter_sb\transmitter_sb.vhd (N/A, 2023-01-07 23:55:49) <-- (may instantiate this module)
4        coreapb3_lib.coreapb3_muxptob3.coreapb3_muxptob3_arch may have changed because the following files changed:
                        C:\Users\user\Documents\ISISA\optical_transmission\transmitter_maker\component\Actel\DirectCore\CoreAPB3\4.1.100\rtl\vhdl\core\coreapb3.vhd (N/A, 2022-12-16 09:47:52) <-- (may instantiate this module)
                        C:\Users\user\Documents\ISISA\optical_transmission\transmitter_maker\component\Actel\DirectCore\CoreAPB3\4.1.100\rtl\vhdl\core\coreapb3_muxptob3.vhd (N/A, 2022-12-16 09:47:52) <-- (architecture and entity definition)
                        C:\Users\user\Documents\ISISA\optical_transmission\transmitter_maker\component\work\transmitter\transmitter.vhd (N/A, 2023-01-07 23:57:59) <-- (may instantiate this module)
                        C:\Users\user\Documents\ISISA\optical_transmission\transmitter_maker\component\work\transmitter_sb\transmitter_sb.vhd (N/A, 2023-01-07 23:55:49) <-- (may instantiate this module)
6        work.coreresetp.rtl may have changed because the following files changed:
                        C:\Users\user\Documents\ISISA\optical_transmission\transmitter_maker\component\Actel\DirectCore\CoreResetP\7.1.100\rtl\vhdl\core\coreresetp.vhd (N/A, 2022-11-25 14:44:49) <-- (architecture and entity definition)
                        C:\Users\user\Documents\ISISA\optical_transmission\transmitter_maker\component\work\transmitter\transmitter.vhd (N/A, 2023-01-07 23:57:59) <-- (may instantiate this module)
                        C:\Users\user\Documents\ISISA\optical_transmission\transmitter_maker\component\work\transmitter_sb\transmitter_sb.vhd (N/A, 2023-01-07 23:55:49) <-- (may instantiate this module)
8        work.coreresetp_pcie_hotreset.rtl may have changed because the following files changed:
                        C:\Users\user\Documents\ISISA\optical_transmission\transmitter_maker\component\Actel\DirectCore\CoreResetP\7.1.100\rtl\vhdl\core\coreresetp.vhd (N/A, 2022-11-25 14:44:49) <-- (may instantiate this module)
                        C:\Users\user\Documents\ISISA\optical_transmission\transmitter_maker\component\Actel\DirectCore\CoreResetP\7.1.100\rtl\vhdl\core\coreresetp_pcie_hotreset.vhd (N/A, 2022-11-25 14:44:49) <-- (architecture and entity definition)
                        C:\Users\user\Documents\ISISA\optical_transmission\transmitter_maker\component\work\transmitter\transmitter.vhd (N/A, 2023-01-07 23:57:59) <-- (may instantiate this module)
                        C:\Users\user\Documents\ISISA\optical_transmission\transmitter_maker\component\work\transmitter_sb\transmitter_sb.vhd (N/A, 2023-01-07 23:55:49) <-- (may instantiate this module)
10       work.mss_010.def_arch may have changed because the following files changed:
                        C:\Users\user\Documents\ISISA\optical_transmission\transmitter_maker\component\work\transmitter\transmitter.vhd (N/A, 2023-01-07 23:57:59) <-- (may instantiate this module)
                        C:\Users\user\Documents\ISISA\optical_transmission\transmitter_maker\component\work\transmitter_sb\transmitter_sb.vhd (N/A, 2023-01-07 23:55:49) <-- (may instantiate this module)
                        C:\Users\user\Documents\ISISA\optical_transmission\transmitter_maker\component\work\transmitter_sb_MSS\transmitter_sb_MSS.vhd (N/A, 2023-01-07 23:43:17) <-- (may instantiate this module)
                        C:\Users\user\Documents\ISISA\optical_transmission\transmitter_maker\component\work\transmitter_sb_MSS\transmitter_sb_MSS_syn.vhd (N/A, 2023-01-07 23:43:16) <-- (architecture and entity definition)
12       work.rcosc_1mhz.def_arch may have changed because the following files changed:
                        C:\Users\user\Documents\ISISA\optical_transmission\transmitter_maker\component\Actel\SgCore\OSC\2.0.101\osc_comps.vhd (N/A, 2022-11-11 12:08:27) <-- (architecture and entity definition)
                        C:\Users\user\Documents\ISISA\optical_transmission\transmitter_maker\component\work\transmitter\transmitter.vhd (N/A, 2023-01-07 23:57:59) <-- (may instantiate this module)
                        C:\Users\user\Documents\ISISA\optical_transmission\transmitter_maker\component\work\transmitter_sb\FABOSC_0\transmitter_sb_FABOSC_0_OSC.vhd (N/A, 2023-01-07 23:55:49) <-- (may instantiate this module)
                        C:\Users\user\Documents\ISISA\optical_transmission\transmitter_maker\component\work\transmitter_sb\transmitter_sb.vhd (N/A, 2023-01-07 23:55:49) <-- (may instantiate this module)
14       work.rcosc_1mhz_fab.def_arch may have changed because the following files changed:
                        C:\Users\user\Documents\ISISA\optical_transmission\transmitter_maker\component\Actel\SgCore\OSC\2.0.101\osc_comps.vhd (N/A, 2022-11-11 12:08:27) <-- (architecture and entity definition)
                        C:\Users\user\Documents\ISISA\optical_transmission\transmitter_maker\component\work\transmitter\transmitter.vhd (N/A, 2023-01-07 23:57:59) <-- (may instantiate this module)
                        C:\Users\user\Documents\ISISA\optical_transmission\transmitter_maker\component\work\transmitter_sb\FABOSC_0\transmitter_sb_FABOSC_0_OSC.vhd (N/A, 2023-01-07 23:55:49) <-- (may instantiate this module)
                        C:\Users\user\Documents\ISISA\optical_transmission\transmitter_maker\component\work\transmitter_sb\transmitter_sb.vhd (N/A, 2023-01-07 23:55:49) <-- (may instantiate this module)
16       work.rcosc_25_50mhz.def_arch may have changed because the following files changed:
                        C:\Users\user\Documents\ISISA\optical_transmission\transmitter_maker\component\Actel\SgCore\OSC\2.0.101\osc_comps.vhd (N/A, 2022-11-11 12:08:27) <-- (architecture and entity definition)
                        C:\Users\user\Documents\ISISA\optical_transmission\transmitter_maker\component\work\transmitter\transmitter.vhd (N/A, 2023-01-07 23:57:59) <-- (may instantiate this module)
                        C:\Users\user\Documents\ISISA\optical_transmission\transmitter_maker\component\work\transmitter_sb\FABOSC_0\transmitter_sb_FABOSC_0_OSC.vhd (N/A, 2023-01-07 23:55:49) <-- (may instantiate this module)
                        C:\Users\user\Documents\ISISA\optical_transmission\transmitter_maker\component\work\transmitter_sb\transmitter_sb.vhd (N/A, 2023-01-07 23:55:49) <-- (may instantiate this module)
18       work.rcosc_25_50mhz_fab.def_arch may have changed because the following files changed:
                        C:\Users\user\Documents\ISISA\optical_transmission\transmitter_maker\component\Actel\SgCore\OSC\2.0.101\osc_comps.vhd (N/A, 2022-11-11 12:08:27) <-- (architecture and entity definition)
                        C:\Users\user\Documents\ISISA\optical_transmission\transmitter_maker\component\work\transmitter\transmitter.vhd (N/A, 2023-01-07 23:57:59) <-- (may instantiate this module)
                        C:\Users\user\Documents\ISISA\optical_transmission\transmitter_maker\component\work\transmitter_sb\FABOSC_0\transmitter_sb_FABOSC_0_OSC.vhd (N/A, 2023-01-07 23:55:49) <-- (may instantiate this module)
                        C:\Users\user\Documents\ISISA\optical_transmission\transmitter_maker\component\work\transmitter_sb\transmitter_sb.vhd (N/A, 2023-01-07 23:55:49) <-- (may instantiate this module)
20       work.transmitter.rtl may have changed because the following files changed:
                        C:\Users\user\Documents\ISISA\optical_transmission\transmitter_maker\component\work\transmitter\transmitter.vhd (N/A, 2023-01-07 23:57:59) <-- (architecture and entity definition)
22       work.transmitter_sb.rtl may have changed because the following files changed:
                        C:\Users\user\Documents\ISISA\optical_transmission\transmitter_maker\component\work\transmitter\transmitter.vhd (N/A, 2023-01-07 23:57:59) <-- (may instantiate this module)
                        C:\Users\user\Documents\ISISA\optical_transmission\transmitter_maker\component\work\transmitter_sb\transmitter_sb.vhd (N/A, 2023-01-07 23:55:49) <-- (architecture and entity definition)
24       work.transmitter_sb_ccc_0_fccc.def_arch may have changed because the following files changed:
                        C:\Users\user\Documents\ISISA\optical_transmission\transmitter_maker\component\work\transmitter\transmitter.vhd (N/A, 2023-01-07 23:57:59) <-- (may instantiate this module)
                        C:\Users\user\Documents\ISISA\optical_transmission\transmitter_maker\component\work\transmitter_sb\CCC_0\transmitter_sb_CCC_0_FCCC.vhd (N/A, 2023-01-07 23:55:46) <-- (architecture and entity definition)
                        C:\Users\user\Documents\ISISA\optical_transmission\transmitter_maker\component\work\transmitter_sb\transmitter_sb.vhd (N/A, 2023-01-07 23:55:49) <-- (may instantiate this module)
26       work.transmitter_sb_fabosc_0_osc.def_arch may have changed because the following files changed:
                        C:\Users\user\Documents\ISISA\optical_transmission\transmitter_maker\component\work\transmitter\transmitter.vhd (N/A, 2023-01-07 23:57:59) <-- (may instantiate this module)
                        C:\Users\user\Documents\ISISA\optical_transmission\transmitter_maker\component\work\transmitter_sb\FABOSC_0\transmitter_sb_FABOSC_0_OSC.vhd (N/A, 2023-01-07 23:55:49) <-- (architecture and entity definition)
                        C:\Users\user\Documents\ISISA\optical_transmission\transmitter_maker\component\work\transmitter_sb\transmitter_sb.vhd (N/A, 2023-01-07 23:55:49) <-- (may instantiate this module)
28       work.transmitter_sb_mss.rtl may have changed because the following files changed:
                        C:\Users\user\Documents\ISISA\optical_transmission\transmitter_maker\component\work\transmitter\transmitter.vhd (N/A, 2023-01-07 23:57:59) <-- (may instantiate this module)
                        C:\Users\user\Documents\ISISA\optical_transmission\transmitter_maker\component\work\transmitter_sb\transmitter_sb.vhd (N/A, 2023-01-07 23:55:49) <-- (may instantiate this module)
                        C:\Users\user\Documents\ISISA\optical_transmission\transmitter_maker\component\work\transmitter_sb_MSS\transmitter_sb_MSS.vhd (N/A, 2023-01-07 23:43:17) <-- (architecture and entity definition)
30       work.xtlosc.def_arch may have changed because the following files changed:
                        C:\Users\user\Documents\ISISA\optical_transmission\transmitter_maker\component\Actel\SgCore\OSC\2.0.101\osc_comps.vhd (N/A, 2022-11-11 12:08:27) <-- (architecture and entity definition)
                        C:\Users\user\Documents\ISISA\optical_transmission\transmitter_maker\component\work\transmitter\transmitter.vhd (N/A, 2023-01-07 23:57:59) <-- (may instantiate this module)
                        C:\Users\user\Documents\ISISA\optical_transmission\transmitter_maker\component\work\transmitter_sb\FABOSC_0\transmitter_sb_FABOSC_0_OSC.vhd (N/A, 2023-01-07 23:55:49) <-- (may instantiate this module)
                        C:\Users\user\Documents\ISISA\optical_transmission\transmitter_maker\component\work\transmitter_sb\transmitter_sb.vhd (N/A, 2023-01-07 23:55:49) <-- (may instantiate this module)
32       work.xtlosc_fab.def_arch may have changed because the following files changed:
                        C:\Users\user\Documents\ISISA\optical_transmission\transmitter_maker\component\Actel\SgCore\OSC\2.0.101\osc_comps.vhd (N/A, 2022-11-11 12:08:27) <-- (architecture and entity definition)
                        C:\Users\user\Documents\ISISA\optical_transmission\transmitter_maker\component\work\transmitter\transmitter.vhd (N/A, 2023-01-07 23:57:59) <-- (may instantiate this module)
                        C:\Users\user\Documents\ISISA\optical_transmission\transmitter_maker\component\work\transmitter_sb\FABOSC_0\transmitter_sb_FABOSC_0_OSC.vhd (N/A, 2023-01-07 23:55:49) <-- (may instantiate this module)
                        C:\Users\user\Documents\ISISA\optical_transmission\transmitter_maker\component\work\transmitter_sb\transmitter_sb.vhd (N/A, 2023-01-07 23:55:49) <-- (may instantiate this module)

*******************************************************************
Unmodified files: 0
FID:  path (timestamp)

*******************************************************************
Unchanged modules: 0
MID:  lib.cell.view
