
Copyright (C) 1994-2021 Synopsys, Inc.
This Synopsys software and all associated documentation are proprietary to Synopsys, Inc.
and may only be used pursuant to the terms and conditions of a written license agreement
with Synopsys, Inc. All other use, reproduction, modification, or distribution of the
Synopsys software or the associated documentation is strictly prohibited.
Tool: Synplify Pro (R)
Build: S-2021.09M-SP1
Install: C:\Microchip\Libero_SoC_v2022.2\fpga_S-2021.09M-SP1
OS: Windows 6.2

Hostname: ACER

Implementation : synthesis

# Written on Fri Feb  3 11:14:04 2023

##### DESIGN INFO #######################################################

Top View:                "decode_ham"
Constraint File(s):      "C:\Users\user\Documents\ISISA\optical_transmission\receiver_ham\designer\decode_ham\synthesis.fdc"




##### SUMMARY ############################################################

Found 0 issues in 0 out of 0 constraints


##### DETAILS ############################################################



Clock Relationships
*******************

Starting           Ending             |     rise to rise     |     fall to fall     |     rise to fall     |     fall to rise                     
-------------------------------------------------------------------------------------------------------------------------------------------------
decode_ham|clk     decode_ham|clk     |     10.000           |     No paths         |     No paths         |     No paths                         
=================================================================================================================================================
 Note: 'No paths' indicates there are no paths in the design for that pair of clock edges.
       'Diff grp' indicates that paths exist but the starting clock and ending clock are in different clock groups.


Unconstrained Start/End Points
******************************

p:LED_correct
p:LED_detect
p:LEDs[0]
p:LEDs[1]
p:LEDs[2]
p:LEDs[3]
p:LEDs[4]
p:LEDs[5]
p:LEDs[6]
p:LEDs[7]
p:pulse[0]
p:pulse[1]
p:pulse[2]
p:pulse[3]
p:pulse[4]
p:pulse[5]
p:pulse[6]
p:pulse[7]
p:rd
p:reset


Inapplicable constraints
************************

(none)


Applicable constraints with issues
**********************************

(none)


Constraints with matching wildcard expressions
**********************************************

(none)


Library Report
**************


# End of Constraint Checker Report
