
Copyright (C) 1994-2021 Synopsys, Inc.
This Synopsys software and all associated documentation are proprietary to Synopsys, Inc.
and may only be used pursuant to the terms and conditions of a written license agreement
with Synopsys, Inc. All other use, reproduction, modification, or distribution of the
Synopsys software or the associated documentation is strictly prohibited.
Tool: Synplify Pro (R)
Build: S-2021.09M-SP1
Install: C:\Microchip\Libero_SoC_v2022.2\fpga_S-2021.09M-SP1
OS: Windows 6.2

Hostname: ACER

Implementation : synthesis

# Written on Wed Feb  8 13:19:09 2023

##### DESIGN INFO #######################################################

Top View:                "receiver_with_ham"
Constraint File(s):      "C:\Users\user\Documents\ISISA\optical_transmission\receiver_ham\designer\receiver_with_ham\synthesis.fdc"




##### SUMMARY ############################################################

Found 0 issues in 0 out of 0 constraints


##### DETAILS ############################################################



Clock Relationships
*******************

Starting                                                   Ending                                                     |     rise to rise     |     fall to fall     |     rise to fall     |     fall to rise                     
---------------------------------------------------------------------------------------------------------------------------------------------------------------------------------------------------------------------------------
System                                                     System                                                     |     10.000           |     No paths         |     No paths         |     No paths                         
receiver_with_ham_sb_CCC_0_FCCC|GL0_net_inferred_clock     receiver_with_ham_sb_CCC_0_FCCC|GL0_net_inferred_clock     |     10.000           |     No paths         |     No paths         |     No paths                         
=================================================================================================================================================================================================================================
 Note: 'No paths' indicates there are no paths in the design for that pair of clock edges.
       'Diff grp' indicates that paths exist but the starting clock and ending clock are in different clock groups.


Unconstrained Start/End Points
******************************

p:DEVRST_N
p:GPIO_0_F2M
p:LED_correct
p:LED_detect
p:LEDs[0]
p:LEDs[1]
p:LEDs[2]
p:LEDs[3]
p:LEDs[4]
p:LEDs[5]
p:LEDs[6]
p:LEDs[7]


Inapplicable constraints
************************

(none)


Applicable constraints with issues
**********************************

(none)


Constraints with matching wildcard expressions
**********************************************

(none)


Library Report
**************


# End of Constraint Checker Report
